
  .   ____          _            __ _ _
 /\\ / ___'_ __ _ _(_)_ __  __ _ \ \ \ \
( ( )\___ | '_ | '_| | '_ \/ _` | \ \ \ \
 \\/  ___)| |_)| | | | | || (_| |  ) ) ) )
  '  |____| .__|_| |_|_| |_\__, | / / / /
 =========|_|==============|___/=/_/_/_/
 :: Spring Boot ::                (v3.2.3)

2026-08-17T23:08:49.961+05:30  INFO 3132 --- [fixmate-backend] [           main] com.fixmate.FixmateApplication           : Starting FixmateApplication v0.0.1-SNAPSHOT using Java 23.0.1 with PID 3132 (D:\Projects\fixmate\target\fixmate-0.0.1-SNAPSHOT.jar started by HP in D:\Projects)
2026-08-17T23:08:50.005+05:30  INFO 3132 --- [fixmate-backend] [           main] com.fixmate.FixmateApplication           : No active profile set, falling back to 1 default profile: "default"
2026-08-17T23:08:55.463+05:30  INFO 3132 --- [fixmate-backend] [           main] .s.d.r.c.RepositoryConfigurationDelegate : Bootstrapping Spring Data JPA repositories in DEFAULT mode.
2026-08-17T23:08:56.385+05:30  INFO 3132 --- [fixmate-backend] [           main] .s.d.r.c.RepositoryConfigurationDelegate : Finished Spring Data repository scanning in 851 ms. Found 8 JPA repository interfaces.
2026-08-17T23:08:57.772+05:30  INFO 3132 --- [fixmate-backend] [           main] o.s.cloud.context.scope.GenericScope     : BeanFactory id=de516cd8-8d09-3de7-afef-06d38a09c475
2026-08-17T23:08:59.274+05:30  WARN 3132 --- [fixmate-backend] [           main] trationDelegate$BeanPostProcessorChecker : Bean 'org.springframework.cloud.client.loadbalancer.LoadBalancerAutoConfiguration$LoadBalancerInterceptorConfig' of type [org.springframework.cloud.client.loadbalancer.LoadBalancerAutoConfiguration$LoadBalancerInterceptorConfig] is not eligible for getting processed by all BeanPostProcessors (for example: not eligible for auto-proxying). The currently created BeanPostProcessor [lbRestClientPostProcessor] is declared through a non-static factory method on that class; consider declaring it as static instead.
2026-08-17T23:08:59.285+05:30  WARN 3132 --- [fixmate-backend] [           main] trationDelegate$BeanPostProcessorChecker : Bean 'org.springframework.cloud.loadbalancer.config.BlockingLoadBalancerClientAutoConfiguration' of type [org.springframework.cloud.loadbalancer.config.BlockingLoadBalancerClientAutoConfiguration] is not eligible for getting processed by all BeanPostProcessors (for example: not eligible for auto-proxying). Is this bean getting eagerly injected into a currently created BeanPostProcessor [lbRestClientPostProcessor]? Check the corresponding BeanPostProcessor declaration and its dependencies.
2026-08-17T23:08:59.294+05:30  WARN 3132 --- [fixmate-backend] [           main] trationDelegate$BeanPostProcessorChecker : Bean 'org.springframework.cloud.loadbalancer.config.LoadBalancerAutoConfiguration' of type [org.springframework.cloud.loadbalancer.config.LoadBalancerAutoConfiguration] is not eligible for getting processed by all BeanPostProcessors (for example: not eligible for auto-proxying). Is this bean getting eagerly injected into a currently created BeanPostProcessor [lbRestClientPostProcessor]? Check the corresponding BeanPostProcessor declaration and its dependencies.
2026-08-17T23:08:59.339+05:30  WARN 3132 --- [fixmate-backend] [           main] trationDelegate$BeanPostProcessorChecker : Bean 'org.springframework.cloud.commons.config.CommonsConfigAutoConfiguration' of type [org.springframework.cloud.commons.config.CommonsConfigAutoConfiguration] is not eligible for getting processed by all BeanPostProcessors (for example: not eligible for auto-proxying). Is this bean getting eagerly injected into a currently created BeanPostProcessor [lbRestClientPostProcessor]? Check the corresponding BeanPostProcessor declaration and its dependencies.
2026-08-17T23:08:59.350+05:30  WARN 3132 --- [fixmate-backend] [           main] trationDelegate$BeanPostProcessorChecker : Bean 'org.springframework.cloud.client.loadbalancer.LoadBalancerDefaultMappingsProviderAutoConfiguration' of type [org.springframework.cloud.client.loadbalancer.LoadBalancerDefaultMappingsProviderAutoConfiguration] is not eligible for getting processed by all BeanPostProcessors (for example: not eligible for auto-proxying). Is this bean getting eagerly injected into a currently created BeanPostProcessor [lbRestClientPostProcessor]? Check the corresponding BeanPostProcessor declaration and its dependencies.
2026-08-17T23:08:59.355+05:30  WARN 3132 --- [fixmate-backend] [           main] trationDelegate$BeanPostProcessorChecker : Bean 'loadBalancerClientsDefaultsMappingsProvider' of type [org.springframework.cloud.client.loadbalancer.LoadBalancerDefaultMappingsProviderAutoConfiguration$$Lambda/0x0000024319458250] is not eligible for getting processed by all BeanPostProcessors (for example: not eligible for auto-proxying). Is this bean getting eagerly injected into a currently created BeanPostProcessor [lbRestClientPostProcessor]? Check the corresponding BeanPostProcessor declaration and its dependencies.
2026-08-17T23:08:59.360+05:30  WARN 3132 --- [fixmate-backend] [           main] trationDelegate$BeanPostProcessorChecker : Bean 'defaultsBindHandlerAdvisor' of type [org.springframework.cloud.commons.config.DefaultsBindHandlerAdvisor] is not eligible for getting processed by all BeanPostProcessors (for example: not eligible for auto-proxying). Is this bean getting eagerly injected into a currently created BeanPostProcessor [lbRestClientPostProcessor]? Check the corresponding BeanPostProcessor declaration and its dependencies.
2026-08-17T23:08:59.385+05:30  WARN 3132 --- [fixmate-backend] [           main] trationDelegate$BeanPostProcessorChecker : Bean 'spring.cloud.loadbalancer-org.springframework.cloud.client.loadbalancer.LoadBalancerClientsProperties' of type [org.springframework.cloud.client.loadbalancer.LoadBalancerClientsProperties] is not eligible for getting processed by all BeanPostProcessors (for example: not eligible for auto-proxying). Is this bean getting eagerly injected into a currently created BeanPostProcessor [lbRestClientPostProcessor]? Check the corresponding BeanPostProcessor declaration and its dependencies.
2026-08-17T23:08:59.403+05:30  WARN 3132 --- [fixmate-backend] [           main] trationDelegate$BeanPostProcessorChecker : Bean 'default.org.springframework.cloud.loadbalancer.config.LoadBalancerAutoConfiguration.LoadBalancerClientSpecification' of type [org.springframework.cloud.loadbalancer.annotation.LoadBalancerClientSpecification] is not eligible for getting processed by all BeanPostProcessors (for example: not eligible for auto-proxying). Is this bean getting eagerly injected into a currently created BeanPostProcessor [lbRestClientPostProcessor]? Check the corresponding BeanPostProcessor declaration and its dependencies.
2026-08-17T23:08:59.411+05:30  WARN 3132 --- [fixmate-backend] [           main] trationDelegate$BeanPostProcessorChecker : Bean 'default.org.springframework.cloud.loadbalancer.config.BlockingLoadBalancerClientAutoConfiguration.LoadBalancerClientSpecification' of type [org.springframework.cloud.loadbalancer.annotation.LoadBalancerClientSpecification] is not eligible for getting processed by all BeanPostProcessors (for example: not eligible for auto-proxying). Is this bean getting eagerly injected into a currently created BeanPostProcessor [lbRestClientPostProcessor]? Check the corresponding BeanPostProcessor declaration and its dependencies.
2026-08-17T23:08:59.415+05:30  WARN 3132 --- [fixmate-backend] [           main] trationDelegate$BeanPostProcessorChecker : Bean 'default.org.springframework.cloud.netflix.eureka.loadbalancer.LoadBalancerEurekaAutoConfiguration.LoadBalancerClientSpecification' of type [org.springframework.cloud.loadbalancer.annotation.LoadBalancerClientSpecification] is not eligible for getting processed by all BeanPostProcessors (for example: not eligible for auto-proxying). Is this bean getting eagerly injected into a currently created BeanPostProcessor [lbRestClientPostProcessor]? Check the corresponding BeanPostProcessor declaration and its dependencies.
2026-08-17T23:08:59.422+05:30  WARN 3132 --- [fixmate-backend] [           main] trationDelegate$BeanPostProcessorChecker : Bean 'loadBalancerClientFactory' of type [org.springframework.cloud.loadbalancer.support.LoadBalancerClientFactory] is not eligible for getting processed by all BeanPostProcessors (for example: not eligible for auto-proxying). Is this bean getting eagerly injected into a currently created BeanPostProcessor [lbRestClientPostProcessor]? Check the corresponding BeanPostProcessor declaration and its dependencies.
2026-08-17T23:08:59.460+05:30  WARN 3132 --- [fixmate-backend] [           main] trationDelegate$BeanPostProcessorChecker : Bean 'blockingLoadBalancerClient' of type [org.springframework.cloud.loadbalancer.blocking.client.BlockingLoadBalancerClient] is not eligible for getting processed by all BeanPostProcessors (for example: not eligible for auto-proxying). Is this bean getting eagerly injected into a currently created BeanPostProcessor [lbRestClientPostProcessor]? Check the corresponding BeanPostProcessor declaration and its dependencies.
2026-08-17T23:08:59.498+05:30  WARN 3132 --- [fixmate-backend] [           main] trationDelegate$BeanPostProcessorChecker : Bean 'loadBalancerServiceInstanceCookieTransformer' of type [org.springframework.cloud.loadbalancer.core.LoadBalancerServiceInstanceCookieTransformer] is not eligible for getting processed by all BeanPostProcessors (for example: not eligible for auto-proxying). Is this bean getting eagerly injected into a currently created BeanPostProcessor [lbRestClientPostProcessor]? Check the corresponding BeanPostProcessor declaration and its dependencies.
2026-08-17T23:08:59.524+05:30  WARN 3132 --- [fixmate-backend] [           main] trationDelegate$BeanPostProcessorChecker : Bean 'xForwarderHeadersTransformer' of type [org.springframework.cloud.loadbalancer.blocking.XForwardedHeadersTransformer] is not eligible for getting processed by all BeanPostProcessors (for example: not eligible for auto-proxying). Is this bean getting eagerly injected into a currently created BeanPostProcessor [lbRestClientPostProcessor]? Check the corresponding BeanPostProcessor declaration and its dependencies.
2026-08-17T23:08:59.529+05:30  WARN 3132 --- [fixmate-backend] [           main] trationDelegate$BeanPostProcessorChecker : Bean 'org.springframework.cloud.client.loadbalancer.LoadBalancerAutoConfiguration' of type [org.springframework.cloud.client.loadbalancer.LoadBalancerAutoConfiguration] is not eligible for getting processed by all BeanPostProcessors (for example: not eligible for auto-proxying). Is this bean getting eagerly injected into a currently created BeanPostProcessor [lbRestClientPostProcessor]? Check the corresponding BeanPostProcessor declaration and its dependencies.
2026-08-17T23:08:59.536+05:30  WARN 3132 --- [fixmate-backend] [           main] trationDelegate$BeanPostProcessorChecker : Bean 'loadBalancerRequestFactory' of type [org.springframework.cloud.client.loadbalancer.LoadBalancerRequestFactory] is not eligible for getting processed by all BeanPostProcessors (for example: not eligible for auto-proxying). Is this bean getting eagerly injected into a currently created BeanPostProcessor [lbRestClientPostProcessor]? Check the corresponding BeanPostProcessor declaration and its dependencies.
2026-08-17T23:08:59.545+05:30  WARN 3132 --- [fixmate-backend] [           main] trationDelegate$BeanPostProcessorChecker : Bean 'loadBalancerInterceptor' of type [org.springframework.cloud.client.loadbalancer.LoadBalancerInterceptor] is not eligible for getting processed by all BeanPostProcessors (for example: not eligible for auto-proxying). Is this bean getting eagerly injected into a currently created BeanPostProcessor [lbRestClientPostProcessor]? Check the corresponding BeanPostProcessor declaration and its dependencies.
2026-08-17T23:09:00.568+05:30  INFO 3132 --- [fixmate-backend] [           main] o.s.b.w.embedded.tomcat.TomcatWebServer  : Tomcat initialized with port 8081 (http)
2026-08-17T23:09:00.676+05:30  INFO 3132 --- [fixmate-backend] [           main] o.apache.catalina.core.StandardService   : Starting service [Tomcat]
2026-08-17T23:09:00.678+05:30  INFO 3132 --- [fixmate-backend] [           main] o.apache.catalina.core.StandardEngine    : Starting Servlet engine: [Apache Tomcat/10.1.19]
2026-08-17T23:09:00.856+05:30  INFO 3132 --- [fixmate-backend] [           main] o.a.c.c.C.[Tomcat].[localhost].[/]       : Initializing Spring embedded WebApplicationContext
2026-08-17T23:09:00.895+05:30  INFO 3132 --- [fixmate-backend] [           main] w.s.c.ServletWebServerApplicationContext : Root WebApplicationContext: initialization completed in 10365 ms
2026-08-17T23:09:01.574+05:30  INFO 3132 --- [fixmate-backend] [           main] o.hibernate.jpa.internal.util.LogHelper  : HHH000204: Processing PersistenceUnitInfo [name: default]
2026-08-17T23:09:02.026+05:30  INFO 3132 --- [fixmate-backend] [           main] org.hibernate.Version                    : HHH000412: Hibernate ORM core version 6.4.4.Final
2026-08-17T23:09:02.266+05:30  INFO 3132 --- [fixmate-backend] [           main] o.h.c.internal.RegionFactoryInitiator    : HHH000026: Second-level cache disabled
2026-08-17T23:09:04.059+05:30  INFO 3132 --- [fixmate-backend] [           main] o.s.o.j.p.SpringPersistenceUnitInfo      : No LoadTimeWeaver setup: ignoring JPA class transformer
2026-08-17T23:09:04.224+05:30  INFO 3132 --- [fixmate-backend] [           main] com.zaxxer.hikari.HikariDataSource       : HikariPool-1 - Starting...
2026-08-17T23:09:05.020+05:30  INFO 3132 --- [fixmate-backend] [           main] com.zaxxer.hikari.pool.HikariPool        : HikariPool-1 - Added connection com.mysql.cj.jdbc.ConnectionImpl@1a66be41
2026-08-17T23:09:05.041+05:30  INFO 3132 --- [fixmate-backend] [           main] com.zaxxer.hikari.HikariDataSource       : HikariPool-1 - Start completed.
2026-08-17T23:09:05.232+05:30  WARN 3132 --- [fixmate-backend] [           main] org.hibernate.orm.deprecation            : HHH90000025: MySQLDialect does not need to be specified explicitly using 'hibernate.dialect' (remove the property setting and it will be selected by default)
2026-08-17T23:09:10.042+05:30  INFO 3132 --- [fixmate-backend] [           main] o.h.e.t.j.p.i.JtaPlatformInitiator       : HHH000489: No JTA platform available (set 'hibernate.transaction.jta.platform' to enable JTA platform integration)
2026-08-17T23:09:10.621+05:30  INFO 3132 --- [fixmate-backend] [           main] j.LocalContainerEntityManagerFactoryBean : Initialized JPA EntityManagerFactory for persistence unit 'default'
2026-08-17T23:09:13.466+05:30  INFO 3132 --- [fixmate-backend] [           main] o.s.d.j.r.query.QueryEnhancerFactory     : Hibernate is in classpath; If applicable, HQL parser will be used.
2026-08-17T23:09:17.449+05:30  WARN 3132 --- [fixmate-backend] [           main] JpaBaseConfiguration$JpaWebConfiguration : spring.jpa.open-in-view is enabled by default. Therefore, database queries may be performed during view rendering. Explicitly configure spring.jpa.open-in-view to disable this warning
2026-08-17T23:09:19.080+05:30  INFO 3132 --- [fixmate-backend] [           main] o.s.s.web.DefaultSecurityFilterChain     : Will secure any request with [org.springframework.security.web.session.DisableEncodeUrlFilter@496de48b, org.springframework.security.web.context.request.async.WebAsyncManagerIntegrationFilter@7005b6e, org.springframework.security.web.context.SecurityContextHolderFilter@1d546842, org.springframework.security.web.header.HeaderWriterFilter@1bb3d045, org.springframework.web.filter.CorsFilter@2a3d9ed3, org.springframework.security.web.authentication.logout.LogoutFilter@281e2377, com.fixmate.config.JwtAuthenticationFilter@121b7a95, org.springframework.security.web.savedrequest.RequestCacheAwareFilter@52da1357, org.springframework.security.web.servletapi.SecurityContextHolderAwareRequestFilter@6226a088, org.springframework.security.web.authentication.AnonymousAuthenticationFilter@339ecd3f, org.springframework.security.web.session.SessionManagementFilter@f7dc1aa, org.springframework.security.web.access.ExceptionTranslationFilter@54898111, org.springframework.security.web.access.intercept.AuthorizationFilter@5c97d5d]
2026-08-17T23:09:20.700+05:30  INFO 3132 --- [fixmate-backend] [           main] DiscoveryClientOptionalArgsConfiguration : Eureka HTTP Client uses RestTemplate.
2026-08-17T23:09:20.919+05:30  WARN 3132 --- [fixmate-backend] [           main] iguration$LoadBalancerCaffeineWarnLogger : Spring Cloud LoadBalancer is currently working with the default cache. While this cache implementation is useful for development and tests, it's recommended to use Caffeine cache in production.You can switch to using Caffeine cache, by adding it and org.springframework.cache.caffeine.CaffeineCacheManager to the classpath.
2026-08-17T23:09:21.071+05:30  INFO 3132 --- [fixmate-backend] [           main] o.s.c.n.eureka.InstanceInfoFactory       : Setting initial instance status as: STARTING
2026-08-17T23:09:21.547+05:30  INFO 3132 --- [fixmate-backend] [           main] com.netflix.discovery.DiscoveryClient    : Initializing Eureka in region us-east-1
2026-08-17T23:09:21.569+05:30  INFO 3132 --- [fixmate-backend] [           main] c.n.d.s.r.aws.ConfigClusterResolver      : Resolving eureka endpoints via configuration
2026-08-17T23:09:21.651+05:30  INFO 3132 --- [fixmate-backend] [           main] com.netflix.discovery.DiscoveryClient    : Disable delta property : false
2026-08-17T23:09:21.652+05:30  INFO 3132 --- [fixmate-backend] [           main] com.netflix.discovery.DiscoveryClient    : Single vip registry refresh property : null
2026-08-17T23:09:21.653+05:30  INFO 3132 --- [fixmate-backend] [           main] com.netflix.discovery.DiscoveryClient    : Force full registry fetch : false
2026-08-17T23:09:21.654+05:30  INFO 3132 --- [fixmate-backend] [           main] com.netflix.discovery.DiscoveryClient    : Application is null : false
2026-08-17T23:09:21.655+05:30  INFO 3132 --- [fixmate-backend] [           main] com.netflix.discovery.DiscoveryClient    : Registered Applications size is zero : true
2026-08-17T23:09:21.657+05:30  INFO 3132 --- [fixmate-backend] [           main] com.netflix.discovery.DiscoveryClient    : Application version is -1: true
2026-08-17T23:09:21.657+05:30  INFO 3132 --- [fixmate-backend] [           main] com.netflix.discovery.DiscoveryClient    : Getting all instance registry info from the eureka server
2026-08-17T23:09:23.713+05:30  INFO 3132 --- [fixmate-backend] [           main] com.netflix.discovery.DiscoveryClient    : The response status is 200
2026-08-17T23:09:23.764+05:30  INFO 3132 --- [fixmate-backend] [           main] com.netflix.discovery.DiscoveryClient    : Starting heartbeat executor: renew interval is: 30
2026-08-17T23:09:23.779+05:30  INFO 3132 --- [fixmate-backend] [           main] c.n.discovery.InstanceInfoReplicator     : InstanceInfoReplicator onDemand update allowed rate per min is 4
2026-08-17T23:09:23.804+05:30  INFO 3132 --- [fixmate-backend] [           main] com.netflix.discovery.DiscoveryClient    : Discovery Client initialized at timestamp 1786988363801 with initial instances count: 2
2026-08-17T23:09:23.818+05:30  INFO 3132 --- [fixmate-backend] [           main] o.s.c.n.e.s.EurekaServiceRegistry        : Registering application FIXMATE-BACKEND with eureka with status UP
2026-08-17T23:09:23.823+05:30  INFO 3132 --- [fixmate-backend] [           main] com.netflix.discovery.DiscoveryClient    : Saw local status change event StatusChangeEvent [timestamp=1786988363823, current=UP, previous=STARTING]
2026-08-17T23:09:23.837+05:30  INFO 3132 --- [fixmate-backend] [nfoReplicator-0] com.netflix.discovery.DiscoveryClient    : DiscoveryClient_FIXMATE-BACKEND/Elitebook-840G7.mshome.net:fixmate-backend:8081: registering service...
2026-08-17T23:09:23.994+05:30  INFO 3132 --- [fixmate-backend] [           main] o.s.b.w.embedded.tomcat.TomcatWebServer  : Tomcat started on port 8081 (http) with context path ''
2026-08-17T23:09:24.034+05:30  INFO 3132 --- [fixmate-backend] [           main] .s.c.n.e.s.EurekaAutoServiceRegistration : Updating port to 8081
2026-08-17T23:09:24.104+05:30  INFO 3132 --- [fixmate-backend] [nfoReplicator-0] com.netflix.discovery.DiscoveryClient    : DiscoveryClient_FIXMATE-BACKEND/Elitebook-840G7.mshome.net:fixmate-backend:8081 - registration status: 204
2026-08-17T23:09:24.163+05:30  INFO 3132 --- [fixmate-backend] [           main] com.fixmate.FixmateApplication           : Started FixmateApplication in 36.476 seconds (process running for 38.63)
Hibernate: select sc1_0.id,sc1_0.description,sc1_0.icon_url,sc1_0.is_active,sc1_0.name from service_categories sc1_0 where sc1_0.name=?
Hibernate: select sc1_0.id,sc1_0.description,sc1_0.icon_url,sc1_0.is_active,sc1_0.name from service_categories sc1_0 where sc1_0.name=?
Hibernate: select sc1_0.id,sc1_0.description,sc1_0.icon_url,sc1_0.is_active,sc1_0.name from service_categories sc1_0 where sc1_0.name=?
Hibernate: select sc1_0.id,sc1_0.description,sc1_0.icon_url,sc1_0.is_active,sc1_0.name from service_categories sc1_0 where sc1_0.name=?
Hibernate: select sc1_0.id,sc1_0.description,sc1_0.icon_url,sc1_0.is_active,sc1_0.name from service_categories sc1_0 where sc1_0.name=?
Hibernate: select sc1_0.id,sc1_0.description,sc1_0.icon_url,sc1_0.is_active,sc1_0.name from service_categories sc1_0 where sc1_0.name=?
Hibernate: select sc1_0.id,sc1_0.description,sc1_0.icon_url,sc1_0.is_active,sc1_0.name from service_categories sc1_0 where sc1_0.name=?
Hibernate: select sc1_0.id,sc1_0.description,sc1_0.icon_url,sc1_0.is_active,sc1_0.name from service_categories sc1_0 where sc1_0.name=?
Hibernate: select sc1_0.id,sc1_0.description,sc1_0.icon_url,sc1_0.is_active,sc1_0.name from service_categories sc1_0 where sc1_0.name=?
Hibernate: select sc1_0.id,sc1_0.description,sc1_0.icon_url,sc1_0.is_active,sc1_0.name from service_categories sc1_0 where sc1_0.name=?
Hibernate: select sc1_0.id,sc1_0.description,sc1_0.icon_url,sc1_0.is_active,sc1_0.name from service_categories sc1_0 where sc1_0.name=?
Hibernate: select sc1_0.id,sc1_0.description,sc1_0.icon_url,sc1_0.is_active,sc1_0.name from service_categories sc1_0 where sc1_0.name=?
Hibernate: select sc1_0.id,sc1_0.description,sc1_0.icon_url,sc1_0.is_active,sc1_0.name from service_categories sc1_0 where sc1_0.name=?
Hibernate: select sc1_0.id,sc1_0.description,sc1_0.icon_url,sc1_0.is_active,sc1_0.name from service_categories sc1_0 where sc1_0.name=?
Hibernate: select sc1_0.id,sc1_0.description,sc1_0.icon_url,sc1_0.is_active,sc1_0.name from service_categories sc1_0 where sc1_0.name=?
Hibernate: select sc1_0.id,sc1_0.description,sc1_0.icon_url,sc1_0.is_active,sc1_0.name from service_categories sc1_0 where sc1_0.name=?
Hibernate: select sc1_0.id,sc1_0.description,sc1_0.icon_url,sc1_0.is_active,sc1_0.name from service_categories sc1_0 where sc1_0.name=?
Hibernate: select sc1_0.id,sc1_0.description,sc1_0.icon_url,sc1_0.is_active,sc1_0.name from service_categories sc1_0 where sc1_0.name=?
Hibernate: select u1_0.id,u1_0.email,u1_0.first_name,u1_0.last_name,u1_0.password,u1_0.phone,u1_0.role from users u1_0 where u1_0.email=?
2026-08-17T23:09:30.234+05:30  INFO 3132 --- [fixmate-backend] [nio-8081-exec-1] o.a.c.c.C.[Tomcat].[localhost].[/]       : Initializing Spring DispatcherServlet 'dispatcherServlet'
2026-08-17T23:09:30.272+05:30  INFO 3132 --- [fixmate-backend] [nio-8081-exec-1] o.s.web.servlet.DispatcherServlet        : Initializing Servlet 'dispatcherServlet'
2026-08-17T23:09:30.279+05:30  INFO 3132 --- [fixmate-backend] [nio-8081-exec-1] o.s.web.servlet.DispatcherServlet        : Completed initialization in 6 ms
Hibernate: select u1_0.id,u1_0.email,u1_0.first_name,u1_0.last_name,u1_0.password,u1_0.phone,u1_0.role from users u1_0 where u1_0.email=?
Hibernate: select u1_0.id,u1_0.email,u1_0.first_name,u1_0.last_name,u1_0.password,u1_0.phone,u1_0.role from users u1_0 where u1_0.email=?
Hibernate: select u1_0.id,u1_0.email,u1_0.first_name,u1_0.last_name,u1_0.password,u1_0.phone,u1_0.role from users u1_0 where u1_0.email=?
Hibernate: select u1_0.id,u1_0.email,u1_0.first_name,u1_0.last_name,u1_0.password,u1_0.phone,u1_0.role from users u1_0 where u1_0.email=?
Hibernate: select sc1_0.id,sc1_0.description,sc1_0.icon_url,sc1_0.is_active,sc1_0.name from service_categories sc1_0 where sc1_0.id=?
Hibernate: select distinct spp1_0.id,spp1_0.current_latitude,spp1_0.current_longitude,spp1_0.experience_years,spp1_0.hourly_rate,spp1_0.is_available,spp1_0.is_online,spp1_0.kyc_document_ref,spp1_0.kyc_status,spp1_0.last_location_update,spp1_0.smart_service_score,spp1_0.total_reviews,spp1_0.user_id from partner_profiles spp1_0 join partner_skills s1_0 on spp1_0.id=s1_0.profile_id where lower(trim(BOTH from s1_0.skill))=lower(trim(BOTH from ?)) and spp1_0.kyc_status='APPROVED' and spp1_0.is_online=1 and spp1_0.is_available=1 and spp1_0.current_latitude is not null and spp1_0.current_longitude is not null and spp1_0.last_location_update is not null and spp1_0.last_location_update>=?
Hibernate: select u1_0.id,u1_0.email,u1_0.first_name,u1_0.last_name,u1_0.password,u1_0.phone,u1_0.role from users u1_0 where u1_0.id=?
Hibernate: select u1_0.id,u1_0.email,u1_0.first_name,u1_0.last_name,u1_0.password,u1_0.phone,u1_0.role from users u1_0 where u1_0.id=?
Hibernate: select s1_0.profile_id,s1_0.skill from partner_skills s1_0 where s1_0.profile_id=?
Hibernate: select s1_0.profile_id,s1_0.skill from partner_skills s1_0 where s1_0.profile_id=?
Hibernate: select u1_0.id,u1_0.email,u1_0.first_name,u1_0.last_name,u1_0.password,u1_0.phone,u1_0.role from users u1_0 where u1_0.email=?
Hibernate: select sc1_0.id,sc1_0.description,sc1_0.icon_url,sc1_0.is_active,sc1_0.name from service_categories sc1_0 where sc1_0.id=?
Hibernate: select distinct spp1_0.id,spp1_0.current_latitude,spp1_0.current_longitude,spp1_0.experience_years,spp1_0.hourly_rate,spp1_0.is_available,spp1_0.is_online,spp1_0.kyc_document_ref,spp1_0.kyc_status,spp1_0.last_location_update,spp1_0.smart_service_score,spp1_0.total_reviews,spp1_0.user_id from partner_profiles spp1_0 join partner_skills s1_0 on spp1_0.id=s1_0.profile_id where lower(trim(BOTH from s1_0.skill))=lower(trim(BOTH from ?)) and spp1_0.kyc_status='APPROVED' and spp1_0.is_online=1 and spp1_0.is_available=1 and spp1_0.current_latitude is not null and spp1_0.current_longitude is not null and spp1_0.last_location_update is not null and spp1_0.last_location_update>=?
Hibernate: select u1_0.id,u1_0.email,u1_0.first_name,u1_0.last_name,u1_0.password,u1_0.phone,u1_0.role from users u1_0 where u1_0.id=?
Hibernate: select u1_0.id,u1_0.email,u1_0.first_name,u1_0.last_name,u1_0.password,u1_0.phone,u1_0.role from users u1_0 where u1_0.id=?
Hibernate: select s1_0.profile_id,s1_0.skill from partner_skills s1_0 where s1_0.profile_id=?
Hibernate: select s1_0.profile_id,s1_0.skill from partner_skills s1_0 where s1_0.profile_id=?
Hibernate: select u1_0.id,u1_0.email,u1_0.first_name,u1_0.last_name,u1_0.password,u1_0.phone,u1_0.role from users u1_0 where u1_0.email=?
Hibernate: select u1_0.id,u1_0.email,u1_0.first_name,u1_0.last_name,u1_0.password,u1_0.phone,u1_0.role from users u1_0 where u1_0.email=?
Hibernate: select u1_0.id,u1_0.email,u1_0.first_name,u1_0.last_name,u1_0.password,u1_0.phone,u1_0.role from users u1_0 where u1_0.email=?
Hibernate: select spp1_0.id,spp1_0.current_latitude,spp1_0.current_longitude,spp1_0.experience_years,spp1_0.hourly_rate,spp1_0.is_available,spp1_0.is_online,spp1_0.kyc_document_ref,spp1_0.kyc_status,spp1_0.last_location_update,spp1_0.smart_service_score,spp1_0.total_reviews,spp1_0.user_id from partner_profiles spp1_0 where spp1_0.user_id=?
Hibernate: update partner_profiles set current_latitude=?,current_longitude=?,experience_years=?,hourly_rate=?,is_available=?,is_online=?,kyc_document_ref=?,kyc_status=?,last_location_update=?,smart_service_score=?,total_reviews=?,user_id=? where id=?
2026-08-17T23:09:51.710+05:30  INFO 3132 --- [fixmate-backend] [nio-8081-exec-3] com.fixmate.service.LiveNearbyService    : Partner 33 changed state — refreshing 2 live stream(s)
Hibernate: select sc1_0.id,sc1_0.description,sc1_0.icon_url,sc1_0.is_active,sc1_0.name from service_categories sc1_0 where sc1_0.id=?
Hibernate: select distinct spp1_0.id,spp1_0.current_latitude,spp1_0.current_longitude,spp1_0.experience_years,spp1_0.hourly_rate,spp1_0.is_available,spp1_0.is_online,spp1_0.kyc_document_ref,spp1_0.kyc_status,spp1_0.last_location_update,spp1_0.smart_service_score,spp1_0.total_reviews,spp1_0.user_id from partner_profiles spp1_0 join partner_skills s1_0 on spp1_0.id=s1_0.profile_id where lower(trim(BOTH from s1_0.skill))=lower(trim(BOTH from ?)) and spp1_0.kyc_status='APPROVED' and spp1_0.is_online=1 and spp1_0.is_available=1 and spp1_0.current_latitude is not null and spp1_0.current_longitude is not null and spp1_0.last_location_update is not null and spp1_0.last_location_update>=?
Hibernate: select u1_0.id,u1_0.email,u1_0.first_name,u1_0.last_name,u1_0.password,u1_0.phone,u1_0.role from users u1_0 where u1_0.id=?
Hibernate: select s1_0.profile_id,s1_0.skill from partner_skills s1_0 where s1_0.profile_id=?
Hibernate: select distinct spp1_0.id,spp1_0.current_latitude,spp1_0.current_longitude,spp1_0.experience_years,spp1_0.hourly_rate,spp1_0.is_available,spp1_0.is_online,spp1_0.kyc_document_ref,spp1_0.kyc_status,spp1_0.last_location_update,spp1_0.smart_service_score,spp1_0.total_reviews,spp1_0.user_id from partner_profiles spp1_0 join partner_skills s1_0 on spp1_0.id=s1_0.profile_id where lower(trim(BOTH from s1_0.skill))=lower(trim(BOTH from ?)) and spp1_0.kyc_status='APPROVED' and spp1_0.is_online=1 and spp1_0.is_available=1 and spp1_0.current_latitude is not null and spp1_0.current_longitude is not null and spp1_0.last_location_update is not null and spp1_0.last_location_update>=?
Hibernate: select s1_0.profile_id,s1_0.skill from partner_skills s1_0 where s1_0.profile_id=?
Hibernate: select u1_0.id,u1_0.email,u1_0.first_name,u1_0.last_name,u1_0.password,u1_0.phone,u1_0.role from users u1_0 where u1_0.email=?
Hibernate: select u1_0.id,u1_0.email,u1_0.first_name,u1_0.last_name,u1_0.password,u1_0.phone,u1_0.role from users u1_0 where u1_0.email=?
Hibernate: select u1_0.id,u1_0.email,u1_0.first_name,u1_0.last_name,u1_0.password,u1_0.phone,u1_0.role from users u1_0 where u1_0.email=?
Hibernate: select spp1_0.id,spp1_0.current_latitude,spp1_0.current_longitude,spp1_0.experience_years,spp1_0.hourly_rate,spp1_0.is_available,spp1_0.is_online,spp1_0.kyc_document_ref,spp1_0.kyc_status,spp1_0.last_location_update,spp1_0.smart_service_score,spp1_0.total_reviews,spp1_0.user_id from partner_profiles spp1_0 where spp1_0.user_id=?
Hibernate: update partner_profiles set current_latitude=?,current_longitude=?,experience_years=?,hourly_rate=?,is_available=?,is_online=?,kyc_document_ref=?,kyc_status=?,last_location_update=?,smart_service_score=?,total_reviews=?,user_id=? where id=?
2026-08-17T23:09:57.018+05:30  INFO 3132 --- [fixmate-backend] [nio-8081-exec-7] com.fixmate.service.LiveNearbyService    : Partner 33 changed state — refreshing 2 live stream(s)
Hibernate: select sc1_0.id,sc1_0.description,sc1_0.icon_url,sc1_0.is_active,sc1_0.name from service_categories sc1_0 where sc1_0.id=?
Hibernate: select distinct spp1_0.id,spp1_0.current_latitude,spp1_0.current_longitude,spp1_0.experience_years,spp1_0.hourly_rate,spp1_0.is_available,spp1_0.is_online,spp1_0.kyc_document_ref,spp1_0.kyc_status,spp1_0.last_location_update,spp1_0.smart_service_score,spp1_0.total_reviews,spp1_0.user_id from partner_profiles spp1_0 join partner_skills s1_0 on spp1_0.id=s1_0.profile_id where lower(trim(BOTH from s1_0.skill))=lower(trim(BOTH from ?)) and spp1_0.kyc_status='APPROVED' and spp1_0.is_online=1 and spp1_0.is_available=1 and spp1_0.current_latitude is not null and spp1_0.current_longitude is not null and spp1_0.last_location_update is not null and spp1_0.last_location_update>=?
Hibernate: select u1_0.id,u1_0.email,u1_0.first_name,u1_0.last_name,u1_0.password,u1_0.phone,u1_0.role from users u1_0 where u1_0.id=?
Hibernate: select s1_0.profile_id,s1_0.skill from partner_skills s1_0 where s1_0.profile_id=?
Hibernate: select distinct spp1_0.id,spp1_0.current_latitude,spp1_0.current_longitude,spp1_0.experience_years,spp1_0.hourly_rate,spp1_0.is_available,spp1_0.is_online,spp1_0.kyc_document_ref,spp1_0.kyc_status,spp1_0.last_location_update,spp1_0.smart_service_score,spp1_0.total_reviews,spp1_0.user_id from partner_profiles spp1_0 join partner_skills s1_0 on spp1_0.id=s1_0.profile_id where lower(trim(BOTH from s1_0.skill))=lower(trim(BOTH from ?)) and spp1_0.kyc_status='APPROVED' and spp1_0.is_online=1 and spp1_0.is_available=1 and spp1_0.current_latitude is not null and spp1_0.current_longitude is not null and spp1_0.last_location_update is not null and spp1_0.last_location_update>=?
Hibernate: select s1_0.profile_id,s1_0.skill from partner_skills s1_0 where s1_0.profile_id=?
Hibernate: select u1_0.id,u1_0.email,u1_0.first_name,u1_0.last_name,u1_0.password,u1_0.phone,u1_0.role from users u1_0 where u1_0.email=?
Hibernate: select u1_0.id,u1_0.email,u1_0.first_name,u1_0.last_name,u1_0.password,u1_0.phone,u1_0.role from users u1_0 where u1_0.email=?
Hibernate: select u1_0.id,u1_0.email,u1_0.first_name,u1_0.last_name,u1_0.password,u1_0.phone,u1_0.role from users u1_0 where u1_0.email=?
Hibernate: select spp1_0.id,spp1_0.current_latitude,spp1_0.current_longitude,spp1_0.experience_years,spp1_0.hourly_rate,spp1_0.is_available,spp1_0.is_online,spp1_0.kyc_document_ref,spp1_0.kyc_status,spp1_0.last_location_update,spp1_0.smart_service_score,spp1_0.total_reviews,spp1_0.user_id from partner_profiles spp1_0 where spp1_0.user_id=?
Hibernate: update partner_profiles set current_latitude=?,current_longitude=?,experience_years=?,hourly_rate=?,is_available=?,is_online=?,kyc_document_ref=?,kyc_status=?,last_location_update=?,smart_service_score=?,total_reviews=?,user_id=? where id=?
2026-08-17T23:10:06.668+05:30  INFO 3132 --- [fixmate-backend] [nio-8081-exec-1] com.fixmate.service.LiveNearbyService    : Partner 33 changed state — refreshing 2 live stream(s)
Hibernate: select sc1_0.id,sc1_0.description,sc1_0.icon_url,sc1_0.is_active,sc1_0.name from service_categories sc1_0 where sc1_0.id=?
Hibernate: select distinct spp1_0.id,spp1_0.current_latitude,spp1_0.current_longitude,spp1_0.experience_years,spp1_0.hourly_rate,spp1_0.is_available,spp1_0.is_online,spp1_0.kyc_document_ref,spp1_0.kyc_status,spp1_0.last_location_update,spp1_0.smart_service_score,spp1_0.total_reviews,spp1_0.user_id from partner_profiles spp1_0 join partner_skills s1_0 on spp1_0.id=s1_0.profile_id where lower(trim(BOTH from s1_0.skill))=lower(trim(BOTH from ?)) and spp1_0.kyc_status='APPROVED' and spp1_0.is_online=1 and spp1_0.is_available=1 and spp1_0.current_latitude is not null and spp1_0.current_longitude is not null and spp1_0.last_location_update is not null and spp1_0.last_location_update>=?
Hibernate: select u1_0.id,u1_0.email,u1_0.first_name,u1_0.last_name,u1_0.password,u1_0.phone,u1_0.role from users u1_0 where u1_0.id=?
Hibernate: select u1_0.id,u1_0.email,u1_0.first_name,u1_0.last_name,u1_0.password,u1_0.phone,u1_0.role from users u1_0 where u1_0.id=?
Hibernate: select s1_0.profile_id,s1_0.skill from partner_skills s1_0 where s1_0.profile_id=?
Hibernate: select s1_0.profile_id,s1_0.skill from partner_skills s1_0 where s1_0.profile_id=?
Hibernate: select distinct spp1_0.id,spp1_0.current_latitude,spp1_0.current_longitude,spp1_0.experience_years,spp1_0.hourly_rate,spp1_0.is_available,spp1_0.is_online,spp1_0.kyc_document_ref,spp1_0.kyc_status,spp1_0.last_location_update,spp1_0.smart_service_score,spp1_0.total_reviews,spp1_0.user_id from partner_profiles spp1_0 join partner_skills s1_0 on spp1_0.id=s1_0.profile_id where lower(trim(BOTH from s1_0.skill))=lower(trim(BOTH from ?)) and spp1_0.kyc_status='APPROVED' and spp1_0.is_online=1 and spp1_0.is_available=1 and spp1_0.current_latitude is not null and spp1_0.current_longitude is not null and spp1_0.last_location_update is not null and spp1_0.last_location_update>=?
2026-08-17T23:14:21.693+05:30  INFO 3132 --- [fixmate-backend] [trap-executor-0] c.n.d.s.r.aws.ConfigClusterResolver      : Resolving eureka endpoints via configuration
2026-08-18T00:03:55.397+05:30  WARN 3132 --- [fixmate-backend] [l-1 housekeeper] com.zaxxer.hikari.pool.HikariPool        : HikariPool-1 - Thread starvation or clock leap detected (housekeeper delta=47m50s162ms305µs300ns).
Hibernate: select u1_0.id,u1_0.email,u1_0.first_name,u1_0.last_name,u1_0.password,u1_0.phone,u1_0.role from users u1_0 where u1_0.email=?
Hibernate: select b1_0.id,b1_0.address_id,b1_0.category_id,b1_0.customer_id,b1_0.customer_latitude,b1_0.customer_longitude,b1_0.is_emergency,b1_0.notes,b1_0.partner_id,b1_0.partner_latitude,b1_0.partner_longitude,b1_0.scheduled_date,b1_0.status,b1_0.total_amount from bookings b1_0 where b1_0.customer_id=?
Hibernate: select u1_0.id,u1_0.email,u1_0.first_name,u1_0.last_name,u1_0.password,u1_0.phone,u1_0.role from users u1_0 where u1_0.id=?
Hibernate: select u1_0.id,u1_0.email,u1_0.first_name,u1_0.last_name,u1_0.password,u1_0.phone,u1_0.role from users u1_0 where u1_0.id=?
Hibernate: select sc1_0.id,sc1_0.description,sc1_0.icon_url,sc1_0.is_active,sc1_0.name from service_categories sc1_0 where sc1_0.id=?
Hibernate: select a1_0.id,a1_0.city,a1_0.country,a1_0.is_default,a1_0.latitude,a1_0.longitude,a1_0.state,a1_0.street,a1_0.user_id,a1_0.zip_code from addresses a1_0 where a1_0.id=?
Hibernate: select u1_0.id,u1_0.email,u1_0.first_name,u1_0.last_name,u1_0.password,u1_0.phone,u1_0.role from users u1_0 where u1_0.email=?
Hibernate: select b1_0.id,b1_0.address_id,b1_0.category_id,b1_0.customer_id,b1_0.customer_latitude,b1_0.customer_longitude,b1_0.is_emergency,b1_0.notes,b1_0.partner_id,b1_0.partner_latitude,b1_0.partner_longitude,b1_0.scheduled_date,b1_0.status,b1_0.total_amount from bookings b1_0 where b1_0.customer_id=?
Hibernate: select u1_0.id,u1_0.email,u1_0.first_name,u1_0.last_name,u1_0.password,u1_0.phone,u1_0.role from users u1_0 where u1_0.id=?
Hibernate: select u1_0.id,u1_0.email,u1_0.first_name,u1_0.last_name,u1_0.password,u1_0.phone,u1_0.role from users u1_0 where u1_0.id=?
Hibernate: select sc1_0.id,sc1_0.description,sc1_0.icon_url,sc1_0.is_active,sc1_0.name from service_categories sc1_0 where sc1_0.id=?
Hibernate: select a1_0.id,a1_0.city,a1_0.country,a1_0.is_default,a1_0.latitude,a1_0.longitude,a1_0.state,a1_0.street,a1_0.user_id,a1_0.zip_code from addresses a1_0 where a1_0.id=?
Hibernate: select u1_0.id,u1_0.email,u1_0.first_name,u1_0.last_name,u1_0.password,u1_0.phone,u1_0.role from users u1_0 where u1_0.email=?
Hibernate: select b1_0.id,b1_0.address_id,b1_0.category_id,b1_0.customer_id,b1_0.customer_latitude,b1_0.customer_longitude,b1_0.is_emergency,b1_0.notes,b1_0.partner_id,b1_0.partner_latitude,b1_0.partner_longitude,b1_0.scheduled_date,b1_0.status,b1_0.total_amount from bookings b1_0 where b1_0.customer_id=?
Hibernate: select u1_0.id,u1_0.email,u1_0.first_name,u1_0.last_name,u1_0.password,u1_0.phone,u1_0.role from users u1_0 where u1_0.id=?
Hibernate: select u1_0.id,u1_0.email,u1_0.first_name,u1_0.last_name,u1_0.password,u1_0.phone,u1_0.role from users u1_0 where u1_0.id=?
Hibernate: select sc1_0.id,sc1_0.description,sc1_0.icon_url,sc1_0.is_active,sc1_0.name from service_categories sc1_0 where sc1_0.id=?
Hibernate: select a1_0.id,a1_0.city,a1_0.country,a1_0.is_default,a1_0.latitude,a1_0.longitude,a1_0.state,a1_0.street,a1_0.user_id,a1_0.zip_code from addresses a1_0 where a1_0.id=?
Hibernate: select u1_0.id,u1_0.email,u1_0.first_name,u1_0.last_name,u1_0.password,u1_0.phone,u1_0.role from users u1_0 where u1_0.email=?
Hibernate: select b1_0.id,b1_0.address_id,b1_0.category_id,b1_0.customer_id,b1_0.customer_latitude,b1_0.customer_longitude,b1_0.is_emergency,b1_0.notes,b1_0.partner_id,b1_0.partner_latitude,b1_0.partner_longitude,b1_0.scheduled_date,b1_0.status,b1_0.total_amount from bookings b1_0 where b1_0.customer_id=?
Hibernate: select u1_0.id,u1_0.email,u1_0.first_name,u1_0.last_name,u1_0.password,u1_0.phone,u1_0.role from users u1_0 where u1_0.id=?
Hibernate: select u1_0.id,u1_0.email,u1_0.first_name,u1_0.last_name,u1_0.password,u1_0.phone,u1_0.role from users u1_0 where u1_0.id=?
Hibernate: select sc1_0.id,sc1_0.description,sc1_0.icon_url,sc1_0.is_active,sc1_0.name from service_categories sc1_0 where sc1_0.id=?
Hibernate: select a1_0.id,a1_0.city,a1_0.country,a1_0.is_default,a1_0.latitude,a1_0.longitude,a1_0.state,a1_0.street,a1_0.user_id,a1_0.zip_code from addresses a1_0 where a1_0.id=?
Hibernate: select u1_0.id,u1_0.email,u1_0.first_name,u1_0.last_name,u1_0.password,u1_0.phone,u1_0.role from users u1_0 where u1_0.email=?
Hibernate: select u1_0.id,u1_0.email,u1_0.first_name,u1_0.last_name,u1_0.password,u1_0.phone,u1_0.role from users u1_0 where u1_0.email=?
Hibernate: select u1_0.id,u1_0.email,u1_0.first_name,u1_0.last_name,u1_0.password,u1_0.phone,u1_0.role from users u1_0 where u1_0.email=?
Hibernate: select u1_0.id,u1_0.email,u1_0.first_name,u1_0.last_name,u1_0.password,u1_0.phone,u1_0.role from users u1_0 where u1_0.email=?
Hibernate: select u1_0.id,u1_0.email,u1_0.first_name,u1_0.last_name,u1_0.password,u1_0.phone,u1_0.role from users u1_0 where u1_0.email=?
Hibernate: select u1_0.id,u1_0.email,u1_0.first_name,u1_0.last_name,u1_0.password,u1_0.phone,u1_0.role from users u1_0 where u1_0.email=?
Hibernate: select spp1_0.id,spp1_0.current_latitude,spp1_0.current_longitude,spp1_0.experience_years,spp1_0.hourly_rate,spp1_0.is_available,spp1_0.is_online,spp1_0.kyc_document_ref,spp1_0.kyc_status,spp1_0.last_location_update,spp1_0.smart_service_score,spp1_0.total_reviews,spp1_0.user_id from partner_profiles spp1_0 where spp1_0.user_id=?
Hibernate: select b1_0.id,b1_0.address_id,b1_0.category_id,b1_0.customer_id,b1_0.customer_latitude,b1_0.customer_longitude,b1_0.is_emergency,b1_0.notes,b1_0.partner_id,b1_0.partner_latitude,b1_0.partner_longitude,b1_0.scheduled_date,b1_0.status,b1_0.total_amount from bookings b1_0 where b1_0.partner_id=?
Hibernate: select s1_0.profile_id,s1_0.skill from partner_skills s1_0 where s1_0.profile_id=?
Hibernate: select u1_0.id,u1_0.email,u1_0.first_name,u1_0.last_name,u1_0.password,u1_0.phone,u1_0.role from users u1_0 where u1_0.email=?
Hibernate: select sc1_0.id,sc1_0.description,sc1_0.icon_url,sc1_0.is_active,sc1_0.name from service_categories sc1_0
Hibernate: select u1_0.id,u1_0.email,u1_0.first_name,u1_0.last_name,u1_0.password,u1_0.phone,u1_0.role from users u1_0 where u1_0.email=?
Hibernate: select spp1_0.id,spp1_0.current_latitude,spp1_0.current_longitude,spp1_0.experience_years,spp1_0.hourly_rate,spp1_0.is_available,spp1_0.is_online,spp1_0.kyc_document_ref,spp1_0.kyc_status,spp1_0.last_location_update,spp1_0.smart_service_score,spp1_0.total_reviews,spp1_0.user_id from partner_profiles spp1_0 where spp1_0.user_id=?
Hibernate: select s1_0.profile_id,s1_0.skill from partner_skills s1_0 where s1_0.profile_id=?
Hibernate: select b1_0.id,b1_0.address_id,b1_0.category_id,b1_0.customer_id,b1_0.customer_latitude,b1_0.customer_longitude,b1_0.is_emergency,b1_0.notes,b1_0.partner_id,b1_0.partner_latitude,b1_0.partner_longitude,b1_0.scheduled_date,b1_0.status,b1_0.total_amount from bookings b1_0 where b1_0.partner_id=?
Hibernate: select u1_0.id,u1_0.email,u1_0.first_name,u1_0.last_name,u1_0.password,u1_0.phone,u1_0.role from users u1_0 where u1_0.email=?
Hibernate: select sc1_0.id,sc1_0.description,sc1_0.icon_url,sc1_0.is_active,sc1_0.name from service_categories sc1_0
Hibernate: select u1_0.id,u1_0.email,u1_0.first_name,u1_0.last_name,u1_0.password,u1_0.phone,u1_0.role from users u1_0 where u1_0.email=?
Hibernate: select spp1_0.id,spp1_0.current_latitude,spp1_0.current_longitude,spp1_0.experience_years,spp1_0.hourly_rate,spp1_0.is_available,spp1_0.is_online,spp1_0.kyc_document_ref,spp1_0.kyc_status,spp1_0.last_location_update,spp1_0.smart_service_score,spp1_0.total_reviews,spp1_0.user_id from partner_profiles spp1_0 where spp1_0.user_id=?
Hibernate: update partner_profiles set current_latitude=?,current_longitude=?,experience_years=?,hourly_rate=?,is_available=?,is_online=?,kyc_document_ref=?,kyc_status=?,last_location_update=?,smart_service_score=?,total_reviews=?,user_id=? where id=?
2026-08-18T00:04:28.877+05:30  INFO 3132 --- [fixmate-backend] [nio-8081-exec-9] com.fixmate.service.LiveNearbyService    : Partner 30 changed state — refreshing 1 live stream(s)
Hibernate: select sc1_0.id,sc1_0.description,sc1_0.icon_url,sc1_0.is_active,sc1_0.name from service_categories sc1_0 where sc1_0.id=?
Hibernate: select distinct spp1_0.id,spp1_0.current_latitude,spp1_0.current_longitude,spp1_0.experience_years,spp1_0.hourly_rate,spp1_0.is_available,spp1_0.is_online,spp1_0.kyc_document_ref,spp1_0.kyc_status,spp1_0.last_location_update,spp1_0.smart_service_score,spp1_0.total_reviews,spp1_0.user_id from partner_profiles spp1_0 join partner_skills s1_0 on spp1_0.id=s1_0.profile_id where lower(trim(BOTH from s1_0.skill))=lower(trim(BOTH from ?)) and spp1_0.kyc_status='APPROVED' and spp1_0.is_online=1 and spp1_0.is_available=1 and spp1_0.current_latitude is not null and spp1_0.current_longitude is not null and spp1_0.last_location_update is not null and spp1_0.last_location_update>=?
Hibernate: select s1_0.profile_id,s1_0.skill from partner_skills s1_0 where s1_0.profile_id=?
Hibernate: select u1_0.id,u1_0.email,u1_0.first_name,u1_0.last_name,u1_0.password,u1_0.phone,u1_0.role from users u1_0 where u1_0.email=?
Hibernate: select b1_0.id,b1_0.address_id,b1_0.category_id,b1_0.customer_id,b1_0.customer_latitude,b1_0.customer_longitude,b1_0.is_emergency,b1_0.notes,b1_0.partner_id,b1_0.partner_latitude,b1_0.partner_longitude,b1_0.scheduled_date,b1_0.status,b1_0.total_amount from bookings b1_0 where b1_0.customer_id=?
Hibernate: select u1_0.id,u1_0.email,u1_0.first_name,u1_0.last_name,u1_0.password,u1_0.phone,u1_0.role from users u1_0 where u1_0.id=?
Hibernate: select u1_0.id,u1_0.email,u1_0.first_name,u1_0.last_name,u1_0.password,u1_0.phone,u1_0.role from users u1_0 where u1_0.id=?
Hibernate: select sc1_0.id,sc1_0.description,sc1_0.icon_url,sc1_0.is_active,sc1_0.name from service_categories sc1_0 where sc1_0.id=?
Hibernate: select a1_0.id,a1_0.city,a1_0.country,a1_0.is_default,a1_0.latitude,a1_0.longitude,a1_0.state,a1_0.street,a1_0.user_id,a1_0.zip_code from addresses a1_0 where a1_0.id=?
Hibernate: select u1_0.id,u1_0.email,u1_0.first_name,u1_0.last_name,u1_0.password,u1_0.phone,u1_0.role from users u1_0 where u1_0.email=?
Hibernate: select b1_0.id,b1_0.address_id,b1_0.category_id,b1_0.customer_id,b1_0.customer_latitude,b1_0.customer_longitude,b1_0.is_emergency,b1_0.notes,b1_0.partner_id,b1_0.partner_latitude,b1_0.partner_longitude,b1_0.scheduled_date,b1_0.status,b1_0.total_amount from bookings b1_0 where b1_0.customer_id=?
Hibernate: select u1_0.id,u1_0.email,u1_0.first_name,u1_0.last_name,u1_0.password,u1_0.phone,u1_0.role from users u1_0 where u1_0.id=?
Hibernate: select u1_0.id,u1_0.email,u1_0.first_name,u1_0.last_name,u1_0.password,u1_0.phone,u1_0.role from users u1_0 where u1_0.id=?
Hibernate: select sc1_0.id,sc1_0.description,sc1_0.icon_url,sc1_0.is_active,sc1_0.name from service_categories sc1_0 where sc1_0.id=?
Hibernate: select a1_0.id,a1_0.city,a1_0.country,a1_0.is_default,a1_0.latitude,a1_0.longitude,a1_0.state,a1_0.street,a1_0.user_id,a1_0.zip_code from addresses a1_0 where a1_0.id=?
Hibernate: select u1_0.id,u1_0.email,u1_0.first_name,u1_0.last_name,u1_0.password,u1_0.phone,u1_0.role from users u1_0 where u1_0.email=?
Hibernate: select u1_0.id,u1_0.email,u1_0.first_name,u1_0.last_name,u1_0.password,u1_0.phone,u1_0.role from users u1_0 where u1_0.email=?
Hibernate: select sc1_0.id,sc1_0.description,sc1_0.icon_url,sc1_0.is_active,sc1_0.name from service_categories sc1_0
Hibernate: select a1_0.id,a1_0.city,a1_0.country,a1_0.is_default,a1_0.latitude,a1_0.longitude,a1_0.state,a1_0.street,a1_0.user_id,a1_0.zip_code from addresses a1_0 where a1_0.user_id=?
Hibernate: select u1_0.id,u1_0.email,u1_0.first_name,u1_0.last_name,u1_0.password,u1_0.phone,u1_0.role from users u1_0 where u1_0.email=?
Hibernate: select spp1_0.id,spp1_0.current_latitude,spp1_0.current_longitude,spp1_0.experience_years,spp1_0.hourly_rate,spp1_0.is_available,spp1_0.is_online,spp1_0.kyc_document_ref,spp1_0.kyc_status,spp1_0.last_location_update,spp1_0.smart_service_score,spp1_0.total_reviews,spp1_0.user_id from partner_profiles spp1_0 where spp1_0.user_id=?
Hibernate: update partner_profiles set current_latitude=?,current_longitude=?,experience_years=?,hourly_rate=?,is_available=?,is_online=?,kyc_document_ref=?,kyc_status=?,last_location_update=?,smart_service_score=?,total_reviews=?,user_id=? where id=?
2026-08-18T00:04:59.700+05:30  INFO 3132 --- [fixmate-backend] [io-8081-exec-10] com.fixmate.service.LiveNearbyService    : Partner 30 changed state — refreshing 1 live stream(s)
Hibernate: select sc1_0.id,sc1_0.description,sc1_0.icon_url,sc1_0.is_active,sc1_0.name from service_categories sc1_0 where sc1_0.id=?
Hibernate: select distinct spp1_0.id,spp1_0.current_latitude,spp1_0.current_longitude,spp1_0.experience_years,spp1_0.hourly_rate,spp1_0.is_available,spp1_0.is_online,spp1_0.kyc_document_ref,spp1_0.kyc_status,spp1_0.last_location_update,spp1_0.smart_service_score,spp1_0.total_reviews,spp1_0.user_id from partner_profiles spp1_0 join partner_skills s1_0 on spp1_0.id=s1_0.profile_id where lower(trim(BOTH from s1_0.skill))=lower(trim(BOTH from ?)) and spp1_0.kyc_status='APPROVED' and spp1_0.is_online=1 and spp1_0.is_available=1 and spp1_0.current_latitude is not null and spp1_0.current_longitude is not null and spp1_0.last_location_update is not null and spp1_0.last_location_update>=?
Hibernate: select s1_0.profile_id,s1_0.skill from partner_skills s1_0 where s1_0.profile_id=?
Hibernate: select u1_0.id,u1_0.email,u1_0.first_name,u1_0.last_name,u1_0.password,u1_0.phone,u1_0.role from users u1_0 where u1_0.email=?
Hibernate: select sc1_0.id,sc1_0.description,sc1_0.icon_url,sc1_0.is_active,sc1_0.name from service_categories sc1_0 where sc1_0.id=?
Hibernate: select distinct spp1_0.id,spp1_0.current_latitude,spp1_0.current_longitude,spp1_0.experience_years,spp1_0.hourly_rate,spp1_0.is_available,spp1_0.is_online,spp1_0.kyc_document_ref,spp1_0.kyc_status,spp1_0.last_location_update,spp1_0.smart_service_score,spp1_0.total_reviews,spp1_0.user_id from partner_profiles spp1_0 join partner_skills s1_0 on spp1_0.id=s1_0.profile_id where lower(trim(BOTH from s1_0.skill))=lower(trim(BOTH from ?)) and spp1_0.kyc_status='APPROVED' and spp1_0.is_online=1 and spp1_0.is_available=1 and spp1_0.current_latitude is not null and spp1_0.current_longitude is not null and spp1_0.last_location_update is not null and spp1_0.last_location_update>=?
Hibernate: select u1_0.id,u1_0.email,u1_0.first_name,u1_0.last_name,u1_0.password,u1_0.phone,u1_0.role from users u1_0 where u1_0.email=?
Hibernate: select sc1_0.id,sc1_0.description,sc1_0.icon_url,sc1_0.is_active,sc1_0.name from service_categories sc1_0 where sc1_0.id=?
Hibernate: select a1_0.id,a1_0.city,a1_0.country,a1_0.is_default,a1_0.latitude,a1_0.longitude,a1_0.state,a1_0.street,a1_0.user_id,a1_0.zip_code from addresses a1_0 where a1_0.id=?
Hibernate: select distinct spp1_0.id,spp1_0.current_latitude,spp1_0.current_longitude,spp1_0.experience_years,spp1_0.hourly_rate,spp1_0.is_available,spp1_0.is_online,spp1_0.kyc_document_ref,spp1_0.kyc_status,spp1_0.last_location_update,spp1_0.smart_service_score,spp1_0.total_reviews,spp1_0.user_id from partner_profiles spp1_0 join partner_skills s1_0 on spp1_0.id=s1_0.profile_id where lower(trim(BOTH from s1_0.skill))=lower(trim(BOTH from ?)) and spp1_0.kyc_status='APPROVED' and spp1_0.is_online=1 and spp1_0.is_available=1 and spp1_0.current_latitude is not null and spp1_0.current_longitude is not null and spp1_0.last_location_update is not null and spp1_0.last_location_update>=?
Hibernate: select u1_0.id,u1_0.email,u1_0.first_name,u1_0.last_name,u1_0.password,u1_0.phone,u1_0.role from users u1_0 where u1_0.email=?
Hibernate: select spp1_0.id,spp1_0.current_latitude,spp1_0.current_longitude,spp1_0.experience_years,spp1_0.hourly_rate,spp1_0.is_available,spp1_0.is_online,spp1_0.kyc_document_ref,spp1_0.kyc_status,spp1_0.last_location_update,spp1_0.smart_service_score,spp1_0.total_reviews,spp1_0.user_id from partner_profiles spp1_0 where spp1_0.user_id=?
Hibernate: update partner_profiles set current_latitude=?,current_longitude=?,experience_years=?,hourly_rate=?,is_available=?,is_online=?,kyc_document_ref=?,kyc_status=?,last_location_update=?,smart_service_score=?,total_reviews=?,user_id=? where id=?
2026-08-18T00:05:29.762+05:30  INFO 3132 --- [fixmate-backend] [nio-8081-exec-5] com.fixmate.service.LiveNearbyService    : Partner 30 changed state — refreshing 1 live stream(s)
Hibernate: select sc1_0.id,sc1_0.description,sc1_0.icon_url,sc1_0.is_active,sc1_0.name from service_categories sc1_0 where sc1_0.id=?
Hibernate: select distinct spp1_0.id,spp1_0.current_latitude,spp1_0.current_longitude,spp1_0.experience_years,spp1_0.hourly_rate,spp1_0.is_available,spp1_0.is_online,spp1_0.kyc_document_ref,spp1_0.kyc_status,spp1_0.last_location_update,spp1_0.smart_service_score,spp1_0.total_reviews,spp1_0.user_id from partner_profiles spp1_0 join partner_skills s1_0 on spp1_0.id=s1_0.profile_id where lower(trim(BOTH from s1_0.skill))=lower(trim(BOTH from ?)) and spp1_0.kyc_status='APPROVED' and spp1_0.is_online=1 and spp1_0.is_available=1 and spp1_0.current_latitude is not null and spp1_0.current_longitude is not null and spp1_0.last_location_update is not null and spp1_0.last_location_update>=?
Hibernate: select s1_0.profile_id,s1_0.skill from partner_skills s1_0 where s1_0.profile_id=?
Hibernate: select u1_0.id,u1_0.email,u1_0.first_name,u1_0.last_name,u1_0.password,u1_0.phone,u1_0.role from users u1_0 where u1_0.email=?
Hibernate: select sc1_0.id,sc1_0.description,sc1_0.icon_url,sc1_0.is_active,sc1_0.name from service_categories sc1_0 where sc1_0.id=?
Hibernate: select a1_0.id,a1_0.city,a1_0.country,a1_0.is_default,a1_0.latitude,a1_0.longitude,a1_0.state,a1_0.street,a1_0.user_id,a1_0.zip_code from addresses a1_0 where a1_0.id=?
Hibernate: select distinct spp1_0.id,spp1_0.current_latitude,spp1_0.current_longitude,spp1_0.experience_years,spp1_0.hourly_rate,spp1_0.is_available,spp1_0.is_online,spp1_0.kyc_document_ref,spp1_0.kyc_status,spp1_0.last_location_update,spp1_0.smart_service_score,spp1_0.total_reviews,spp1_0.user_id from partner_profiles spp1_0 join partner_skills s1_0 on spp1_0.id=s1_0.profile_id where lower(trim(BOTH from s1_0.skill))=lower(trim(BOTH from ?)) and spp1_0.kyc_status='APPROVED' and spp1_0.is_online=1 and spp1_0.is_available=1 and spp1_0.current_latitude is not null and spp1_0.current_longitude is not null and spp1_0.last_location_update is not null and spp1_0.last_location_update>=?
Hibernate: select u1_0.id,u1_0.email,u1_0.first_name,u1_0.last_name,u1_0.password,u1_0.phone,u1_0.role from users u1_0 where u1_0.email=?
Hibernate: select spp1_0.id,spp1_0.current_latitude,spp1_0.current_longitude,spp1_0.experience_years,spp1_0.hourly_rate,spp1_0.is_available,spp1_0.is_online,spp1_0.kyc_document_ref,spp1_0.kyc_status,spp1_0.last_location_update,spp1_0.smart_service_score,spp1_0.total_reviews,spp1_0.user_id from partner_profiles spp1_0 where spp1_0.user_id=?
Hibernate: update partner_profiles set current_latitude=?,current_longitude=?,experience_years=?,hourly_rate=?,is_available=?,is_online=?,kyc_document_ref=?,kyc_status=?,last_location_update=?,smart_service_score=?,total_reviews=?,user_id=? where id=?
2026-08-18T00:05:59.092+05:30  INFO 3132 --- [fixmate-backend] [nio-8081-exec-9] com.fixmate.service.LiveNearbyService    : Partner 30 changed state — refreshing 1 live stream(s)
Hibernate: select sc1_0.id,sc1_0.description,sc1_0.icon_url,sc1_0.is_active,sc1_0.name from service_categories sc1_0 where sc1_0.id=?
Hibernate: select distinct spp1_0.id,spp1_0.current_latitude,spp1_0.current_longitude,spp1_0.experience_years,spp1_0.hourly_rate,spp1_0.is_available,spp1_0.is_online,spp1_0.kyc_document_ref,spp1_0.kyc_status,spp1_0.last_location_update,spp1_0.smart_service_score,spp1_0.total_reviews,spp1_0.user_id from partner_profiles spp1_0 join partner_skills s1_0 on spp1_0.id=s1_0.profile_id where lower(trim(BOTH from s1_0.skill))=lower(trim(BOTH from ?)) and spp1_0.kyc_status='APPROVED' and spp1_0.is_online=1 and spp1_0.is_available=1 and spp1_0.current_latitude is not null and spp1_0.current_longitude is not null and spp1_0.last_location_update is not null and spp1_0.last_location_update>=?
Hibernate: select s1_0.profile_id,s1_0.skill from partner_skills s1_0 where s1_0.profile_id=?
Hibernate: select u1_0.id,u1_0.email,u1_0.first_name,u1_0.last_name,u1_0.password,u1_0.phone,u1_0.role from users u1_0 where u1_0.email=?
Hibernate: select spp1_0.id,spp1_0.current_latitude,spp1_0.current_longitude,spp1_0.experience_years,spp1_0.hourly_rate,spp1_0.is_available,spp1_0.is_online,spp1_0.kyc_document_ref,spp1_0.kyc_status,spp1_0.last_location_update,spp1_0.smart_service_score,spp1_0.total_reviews,spp1_0.user_id from partner_profiles spp1_0 where spp1_0.user_id=?
Hibernate: update partner_profiles set current_latitude=?,current_longitude=?,experience_years=?,hourly_rate=?,is_available=?,is_online=?,kyc_document_ref=?,kyc_status=?,last_location_update=?,smart_service_score=?,total_reviews=?,user_id=? where id=?
Hibernate: delete from partner_skills where profile_id=?
Hibernate: insert into partner_skills (profile_id,skill) values (?,?)
Hibernate: insert into partner_skills (profile_id,skill) values (?,?)
Hibernate: insert into partner_skills (profile_id,skill) values (?,?)
Hibernate: insert into partner_skills (profile_id,skill) values (?,?)
2026-08-18T00:06:09.627+05:30  INFO 3132 --- [fixmate-backend] [nio-8081-exec-2] com.fixmate.service.LiveNearbyService    : Partner 30 changed state — refreshing 1 live stream(s)
Hibernate: select sc1_0.id,sc1_0.description,sc1_0.icon_url,sc1_0.is_active,sc1_0.name from service_categories sc1_0 where sc1_0.id=?
Hibernate: select distinct spp1_0.id,spp1_0.current_latitude,spp1_0.current_longitude,spp1_0.experience_years,spp1_0.hourly_rate,spp1_0.is_available,spp1_0.is_online,spp1_0.kyc_document_ref,spp1_0.kyc_status,spp1_0.last_location_update,spp1_0.smart_service_score,spp1_0.total_reviews,spp1_0.user_id from partner_profiles spp1_0 join partner_skills s1_0 on spp1_0.id=s1_0.profile_id where lower(trim(BOTH from s1_0.skill))=lower(trim(BOTH from ?)) and spp1_0.kyc_status='APPROVED' and spp1_0.is_online=1 and spp1_0.is_available=1 and spp1_0.current_latitude is not null and spp1_0.current_longitude is not null and spp1_0.last_location_update is not null and spp1_0.last_location_update>=?
Hibernate: select u1_0.id,u1_0.email,u1_0.first_name,u1_0.last_name,u1_0.password,u1_0.phone,u1_0.role from users u1_0 where u1_0.email=?
Hibernate: select spp1_0.id,spp1_0.current_latitude,spp1_0.current_longitude,spp1_0.experience_years,spp1_0.hourly_rate,spp1_0.is_available,spp1_0.is_online,spp1_0.kyc_document_ref,spp1_0.kyc_status,spp1_0.last_location_update,spp1_0.smart_service_score,spp1_0.total_reviews,spp1_0.user_id from partner_profiles spp1_0 where spp1_0.user_id=?
Hibernate: select s1_0.profile_id,s1_0.skill from partner_skills s1_0 where s1_0.profile_id=?
Hibernate: select u1_0.id,u1_0.email,u1_0.first_name,u1_0.last_name,u1_0.password,u1_0.phone,u1_0.role from users u1_0 where u1_0.email=?
Hibernate: select spp1_0.id,spp1_0.current_latitude,spp1_0.current_longitude,spp1_0.experience_years,spp1_0.hourly_rate,spp1_0.is_available,spp1_0.is_online,spp1_0.kyc_document_ref,spp1_0.kyc_status,spp1_0.last_location_update,spp1_0.smart_service_score,spp1_0.total_reviews,spp1_0.user_id from partner_profiles spp1_0 where spp1_0.user_id=?
Hibernate: select s1_0.profile_id,s1_0.skill from partner_skills s1_0 where s1_0.profile_id=?
Hibernate: select u1_0.id,u1_0.email,u1_0.first_name,u1_0.last_name,u1_0.password,u1_0.phone,u1_0.role from users u1_0 where u1_0.email=?
Hibernate: select sc1_0.id,sc1_0.description,sc1_0.icon_url,sc1_0.is_active,sc1_0.name from service_categories sc1_0 where sc1_0.id=?
Hibernate: select a1_0.id,a1_0.city,a1_0.country,a1_0.is_default,a1_0.latitude,a1_0.longitude,a1_0.state,a1_0.street,a1_0.user_id,a1_0.zip_code from addresses a1_0 where a1_0.id=?
Hibernate: select distinct spp1_0.id,spp1_0.current_latitude,spp1_0.current_longitude,spp1_0.experience_years,spp1_0.hourly_rate,spp1_0.is_available,spp1_0.is_online,spp1_0.kyc_document_ref,spp1_0.kyc_status,spp1_0.last_location_update,spp1_0.smart_service_score,spp1_0.total_reviews,spp1_0.user_id from partner_profiles spp1_0 join partner_skills s1_0 on spp1_0.id=s1_0.profile_id where lower(trim(BOTH from s1_0.skill))=lower(trim(BOTH from ?)) and spp1_0.kyc_status='APPROVED' and spp1_0.is_online=1 and spp1_0.is_available=1 and spp1_0.current_latitude is not null and spp1_0.current_longitude is not null and spp1_0.last_location_update is not null and spp1_0.last_location_update>=?
Hibernate: select u1_0.id,u1_0.email,u1_0.first_name,u1_0.last_name,u1_0.password,u1_0.phone,u1_0.role from users u1_0 where u1_0.email=?
Hibernate: select spp1_0.id,spp1_0.current_latitude,spp1_0.current_longitude,spp1_0.experience_years,spp1_0.hourly_rate,spp1_0.is_available,spp1_0.is_online,spp1_0.kyc_document_ref,spp1_0.kyc_status,spp1_0.last_location_update,spp1_0.smart_service_score,spp1_0.total_reviews,spp1_0.user_id from partner_profiles spp1_0 where spp1_0.user_id=?
Hibernate: update partner_profiles set current_latitude=?,current_longitude=?,experience_years=?,hourly_rate=?,is_available=?,is_online=?,kyc_document_ref=?,kyc_status=?,last_location_update=?,smart_service_score=?,total_reviews=?,user_id=? where id=?
2026-08-18T00:06:29.749+05:30  INFO 3132 --- [fixmate-backend] [io-8081-exec-10] com.fixmate.service.LiveNearbyService    : Partner 30 changed state — refreshing 1 live stream(s)
Hibernate: select sc1_0.id,sc1_0.description,sc1_0.icon_url,sc1_0.is_active,sc1_0.name from service_categories sc1_0 where sc1_0.id=?
Hibernate: select distinct spp1_0.id,spp1_0.current_latitude,spp1_0.current_longitude,spp1_0.experience_years,spp1_0.hourly_rate,spp1_0.is_available,spp1_0.is_online,spp1_0.kyc_document_ref,spp1_0.kyc_status,spp1_0.last_location_update,spp1_0.smart_service_score,spp1_0.total_reviews,spp1_0.user_id from partner_profiles spp1_0 join partner_skills s1_0 on spp1_0.id=s1_0.profile_id where lower(trim(BOTH from s1_0.skill))=lower(trim(BOTH from ?)) and spp1_0.kyc_status='APPROVED' and spp1_0.is_online=1 and spp1_0.is_available=1 and spp1_0.current_latitude is not null and spp1_0.current_longitude is not null and spp1_0.last_location_update is not null and spp1_0.last_location_update>=?
Hibernate: select s1_0.profile_id,s1_0.skill from partner_skills s1_0 where s1_0.profile_id=?
2026-08-18T00:06:41.891+05:30  INFO 3132 --- [fixmate-backend] [trap-executor-0] c.n.d.s.r.aws.ConfigClusterResolver      : Resolving eureka endpoints via configuration
Hibernate: select u1_0.id,u1_0.email,u1_0.first_name,u1_0.last_name,u1_0.password,u1_0.phone,u1_0.role from users u1_0 where u1_0.email=?
Hibernate: select spp1_0.id,spp1_0.current_latitude,spp1_0.current_longitude,spp1_0.experience_years,spp1_0.hourly_rate,spp1_0.is_available,spp1_0.is_online,spp1_0.kyc_document_ref,spp1_0.kyc_status,spp1_0.last_location_update,spp1_0.smart_service_score,spp1_0.total_reviews,spp1_0.user_id from partner_profiles spp1_0 where spp1_0.user_id=?
Hibernate: update partner_profiles set current_latitude=?,current_longitude=?,experience_years=?,hourly_rate=?,is_available=?,is_online=?,kyc_document_ref=?,kyc_status=?,last_location_update=?,smart_service_score=?,total_reviews=?,user_id=? where id=?
2026-08-18T00:06:59.876+05:30  INFO 3132 --- [fixmate-backend] [nio-8081-exec-1] com.fixmate.service.LiveNearbyService    : Partner 30 changed state — refreshing 1 live stream(s)
Hibernate: select sc1_0.id,sc1_0.description,sc1_0.icon_url,sc1_0.is_active,sc1_0.name from service_categories sc1_0 where sc1_0.id=?
Hibernate: select distinct spp1_0.id,spp1_0.current_latitude,spp1_0.current_longitude,spp1_0.experience_years,spp1_0.hourly_rate,spp1_0.is_available,spp1_0.is_online,spp1_0.kyc_document_ref,spp1_0.kyc_status,spp1_0.last_location_update,spp1_0.smart_service_score,spp1_0.total_reviews,spp1_0.user_id from partner_profiles spp1_0 join partner_skills s1_0 on spp1_0.id=s1_0.profile_id where lower(trim(BOTH from s1_0.skill))=lower(trim(BOTH from ?)) and spp1_0.kyc_status='APPROVED' and spp1_0.is_online=1 and spp1_0.is_available=1 and spp1_0.current_latitude is not null and spp1_0.current_longitude is not null and spp1_0.last_location_update is not null and spp1_0.last_location_update>=?
Hibernate: select s1_0.profile_id,s1_0.skill from partner_skills s1_0 where s1_0.profile_id=?
Hibernate: select u1_0.id,u1_0.email,u1_0.first_name,u1_0.last_name,u1_0.password,u1_0.phone,u1_0.role from users u1_0 where u1_0.email=?
Hibernate: select sc1_0.id,sc1_0.description,sc1_0.icon_url,sc1_0.is_active,sc1_0.name from service_categories sc1_0 where sc1_0.id=?
Hibernate: select a1_0.id,a1_0.city,a1_0.country,a1_0.is_default,a1_0.latitude,a1_0.longitude,a1_0.state,a1_0.street,a1_0.user_id,a1_0.zip_code from addresses a1_0 where a1_0.id=?
Hibernate: select distinct spp1_0.id,spp1_0.current_latitude,spp1_0.current_longitude,spp1_0.experience_years,spp1_0.hourly_rate,spp1_0.is_available,spp1_0.is_online,spp1_0.kyc_document_ref,spp1_0.kyc_status,spp1_0.last_location_update,spp1_0.smart_service_score,spp1_0.total_reviews,spp1_0.user_id from partner_profiles spp1_0 join partner_skills s1_0 on spp1_0.id=s1_0.profile_id where lower(trim(BOTH from s1_0.skill))=lower(trim(BOTH from ?)) and spp1_0.kyc_status='APPROVED' and spp1_0.is_online=1 and spp1_0.is_available=1 and spp1_0.current_latitude is not null and spp1_0.current_longitude is not null and spp1_0.last_location_update is not null and spp1_0.last_location_update>=?
Hibernate: select u1_0.id,u1_0.email,u1_0.first_name,u1_0.last_name,u1_0.password,u1_0.phone,u1_0.role from users u1_0 where u1_0.email=?
Hibernate: select sc1_0.id,sc1_0.description,sc1_0.icon_url,sc1_0.is_active,sc1_0.name from service_categories sc1_0 where sc1_0.id=?
Hibernate: select a1_0.id,a1_0.city,a1_0.country,a1_0.is_default,a1_0.latitude,a1_0.longitude,a1_0.state,a1_0.street,a1_0.user_id,a1_0.zip_code from addresses a1_0 where a1_0.id=?
Hibernate: select distinct spp1_0.id,spp1_0.current_latitude,spp1_0.current_longitude,spp1_0.experience_years,spp1_0.hourly_rate,spp1_0.is_available,spp1_0.is_online,spp1_0.kyc_document_ref,spp1_0.kyc_status,spp1_0.last_location_update,spp1_0.smart_service_score,spp1_0.total_reviews,spp1_0.user_id from partner_profiles spp1_0 join partner_skills s1_0 on spp1_0.id=s1_0.profile_id where lower(trim(BOTH from s1_0.skill))=lower(trim(BOTH from ?)) and spp1_0.kyc_status='APPROVED' and spp1_0.is_online=1 and spp1_0.is_available=1 and spp1_0.current_latitude is not null and spp1_0.current_longitude is not null and spp1_0.last_location_update is not null and spp1_0.last_location_update>=?
Hibernate: select u1_0.id,u1_0.email,u1_0.first_name,u1_0.last_name,u1_0.password,u1_0.phone,u1_0.role from users u1_0 where u1_0.email=?
Hibernate: select spp1_0.id,spp1_0.current_latitude,spp1_0.current_longitude,spp1_0.experience_years,spp1_0.hourly_rate,spp1_0.is_available,spp1_0.is_online,spp1_0.kyc_document_ref,spp1_0.kyc_status,spp1_0.last_location_update,spp1_0.smart_service_score,spp1_0.total_reviews,spp1_0.user_id from partner_profiles spp1_0 where spp1_0.user_id=?
Hibernate: update partner_profiles set current_latitude=?,current_longitude=?,experience_years=?,hourly_rate=?,is_available=?,is_online=?,kyc_document_ref=?,kyc_status=?,last_location_update=?,smart_service_score=?,total_reviews=?,user_id=? where id=?
2026-08-18T00:07:29.485+05:30  INFO 3132 --- [fixmate-backend] [nio-8081-exec-8] com.fixmate.service.LiveNearbyService    : Partner 30 changed state — refreshing 1 live stream(s)
Hibernate: select sc1_0.id,sc1_0.description,sc1_0.icon_url,sc1_0.is_active,sc1_0.name from service_categories sc1_0 where sc1_0.id=?
Hibernate: select distinct spp1_0.id,spp1_0.current_latitude,spp1_0.current_longitude,spp1_0.experience_years,spp1_0.hourly_rate,spp1_0.is_available,spp1_0.is_online,spp1_0.kyc_document_ref,spp1_0.kyc_status,spp1_0.last_location_update,spp1_0.smart_service_score,spp1_0.total_reviews,spp1_0.user_id from partner_profiles spp1_0 join partner_skills s1_0 on spp1_0.id=s1_0.profile_id where lower(trim(BOTH from s1_0.skill))=lower(trim(BOTH from ?)) and spp1_0.kyc_status='APPROVED' and spp1_0.is_online=1 and spp1_0.is_available=1 and spp1_0.current_latitude is not null and spp1_0.current_longitude is not null and spp1_0.last_location_update is not null and spp1_0.last_location_update>=?
Hibernate: select s1_0.profile_id,s1_0.skill from partner_skills s1_0 where s1_0.profile_id=?
Hibernate: select u1_0.id,u1_0.email,u1_0.first_name,u1_0.last_name,u1_0.password,u1_0.phone,u1_0.role from users u1_0 where u1_0.email=?
Hibernate: select sc1_0.id,sc1_0.description,sc1_0.icon_url,sc1_0.is_active,sc1_0.name from service_categories sc1_0 where sc1_0.id=?
Hibernate: select distinct spp1_0.id,spp1_0.current_latitude,spp1_0.current_longitude,spp1_0.experience_years,spp1_0.hourly_rate,spp1_0.is_available,spp1_0.is_online,spp1_0.kyc_document_ref,spp1_0.kyc_status,spp1_0.last_location_update,spp1_0.smart_service_score,spp1_0.total_reviews,spp1_0.user_id from partner_profiles spp1_0 join partner_skills s1_0 on spp1_0.id=s1_0.profile_id where lower(trim(BOTH from s1_0.skill))=lower(trim(BOTH from ?)) and spp1_0.kyc_status='APPROVED' and spp1_0.is_online=1 and spp1_0.is_available=1 and spp1_0.current_latitude is not null and spp1_0.current_longitude is not null and spp1_0.last_location_update is not null and spp1_0.last_location_update>=?
Hibernate: select u1_0.id,u1_0.email,u1_0.first_name,u1_0.last_name,u1_0.password,u1_0.phone,u1_0.role from users u1_0 where u1_0.email=?
Hibernate: select sc1_0.id,sc1_0.description,sc1_0.icon_url,sc1_0.is_active,sc1_0.name from service_categories sc1_0 where sc1_0.id=?
Hibernate: select distinct spp1_0.id,spp1_0.current_latitude,spp1_0.current_longitude,spp1_0.experience_years,spp1_0.hourly_rate,spp1_0.is_available,spp1_0.is_online,spp1_0.kyc_document_ref,spp1_0.kyc_status,spp1_0.last_location_update,spp1_0.smart_service_score,spp1_0.total_reviews,spp1_0.user_id from partner_profiles spp1_0 join partner_skills s1_0 on spp1_0.id=s1_0.profile_id where lower(trim(BOTH from s1_0.skill))=lower(trim(BOTH from ?)) and spp1_0.kyc_status='APPROVED' and spp1_0.is_online=1 and spp1_0.is_available=1 and spp1_0.current_latitude is not null and spp1_0.current_longitude is not null and spp1_0.last_location_update is not null and spp1_0.last_location_update>=?
Hibernate: select u1_0.id,u1_0.email,u1_0.first_name,u1_0.last_name,u1_0.password,u1_0.phone,u1_0.role from users u1_0 where u1_0.email=?
Hibernate: select spp1_0.id,spp1_0.current_latitude,spp1_0.current_longitude,spp1_0.experience_years,spp1_0.hourly_rate,spp1_0.is_available,spp1_0.is_online,spp1_0.kyc_document_ref,spp1_0.kyc_status,spp1_0.last_location_update,spp1_0.smart_service_score,spp1_0.total_reviews,spp1_0.user_id from partner_profiles spp1_0 where spp1_0.user_id=?
Hibernate: update partner_profiles set current_latitude=?,current_longitude=?,experience_years=?,hourly_rate=?,is_available=?,is_online=?,kyc_document_ref=?,kyc_status=?,last_location_update=?,smart_service_score=?,total_reviews=?,user_id=? where id=?
2026-08-18T00:07:59.079+05:30  INFO 3132 --- [fixmate-backend] [nio-8081-exec-3] com.fixmate.service.LiveNearbyService    : Partner 30 changed state — refreshing 1 live stream(s)
Hibernate: select sc1_0.id,sc1_0.description,sc1_0.icon_url,sc1_0.is_active,sc1_0.name from service_categories sc1_0 where sc1_0.id=?
Hibernate: select distinct spp1_0.id,spp1_0.current_latitude,spp1_0.current_longitude,spp1_0.experience_years,spp1_0.hourly_rate,spp1_0.is_available,spp1_0.is_online,spp1_0.kyc_document_ref,spp1_0.kyc_status,spp1_0.last_location_update,spp1_0.smart_service_score,spp1_0.total_reviews,spp1_0.user_id from partner_profiles spp1_0 join partner_skills s1_0 on spp1_0.id=s1_0.profile_id where lower(trim(BOTH from s1_0.skill))=lower(trim(BOTH from ?)) and spp1_0.kyc_status='APPROVED' and spp1_0.is_online=1 and spp1_0.is_available=1 and spp1_0.current_latitude is not null and spp1_0.current_longitude is not null and spp1_0.last_location_update is not null and spp1_0.last_location_update>=?
Hibernate: select s1_0.profile_id,s1_0.skill from partner_skills s1_0 where s1_0.profile_id=?
Hibernate: select u1_0.id,u1_0.email,u1_0.first_name,u1_0.last_name,u1_0.password,u1_0.phone,u1_0.role from users u1_0 where u1_0.email=?
Hibernate: select spp1_0.id,spp1_0.current_latitude,spp1_0.current_longitude,spp1_0.experience_years,spp1_0.hourly_rate,spp1_0.is_available,spp1_0.is_online,spp1_0.kyc_document_ref,spp1_0.kyc_status,spp1_0.last_location_update,spp1_0.smart_service_score,spp1_0.total_reviews,spp1_0.user_id from partner_profiles spp1_0 where spp1_0.user_id=?
Hibernate: update partner_profiles set current_latitude=?,current_longitude=?,experience_years=?,hourly_rate=?,is_available=?,is_online=?,kyc_document_ref=?,kyc_status=?,last_location_update=?,smart_service_score=?,total_reviews=?,user_id=? where id=?
2026-08-18T00:08:03.357+05:30  INFO 3132 --- [fixmate-backend] [nio-8081-exec-6] com.fixmate.service.LiveNearbyService    : Partner 30 changed state — refreshing 1 live stream(s)
Hibernate: select sc1_0.id,sc1_0.description,sc1_0.icon_url,sc1_0.is_active,sc1_0.name from service_categories sc1_0 where sc1_0.id=?
Hibernate: select distinct spp1_0.id,spp1_0.current_latitude,spp1_0.current_longitude,spp1_0.experience_years,spp1_0.hourly_rate,spp1_0.is_available,spp1_0.is_online,spp1_0.kyc_document_ref,spp1_0.kyc_status,spp1_0.last_location_update,spp1_0.smart_service_score,spp1_0.total_reviews,spp1_0.user_id from partner_profiles spp1_0 join partner_skills s1_0 on spp1_0.id=s1_0.profile_id where lower(trim(BOTH from s1_0.skill))=lower(trim(BOTH from ?)) and spp1_0.kyc_status='APPROVED' and spp1_0.is_online=1 and spp1_0.is_available=1 and spp1_0.current_latitude is not null and spp1_0.current_longitude is not null and spp1_0.last_location_update is not null and spp1_0.last_location_update>=?
Hibernate: select s1_0.profile_id,s1_0.skill from partner_skills s1_0 where s1_0.profile_id=?
Hibernate: select u1_0.id,u1_0.email,u1_0.first_name,u1_0.last_name,u1_0.password,u1_0.phone,u1_0.role from users u1_0 where u1_0.email=?
Hibernate: select spp1_0.id,spp1_0.current_latitude,spp1_0.current_longitude,spp1_0.experience_years,spp1_0.hourly_rate,spp1_0.is_available,spp1_0.is_online,spp1_0.kyc_document_ref,spp1_0.kyc_status,spp1_0.last_location_update,spp1_0.smart_service_score,spp1_0.total_reviews,spp1_0.user_id from partner_profiles spp1_0 where spp1_0.user_id=?
Hibernate: update partner_profiles set current_latitude=?,current_longitude=?,experience_years=?,hourly_rate=?,is_available=?,is_online=?,kyc_document_ref=?,kyc_status=?,last_location_update=?,smart_service_score=?,total_reviews=?,user_id=? where id=?
2026-08-18T00:08:05.154+05:30  INFO 3132 --- [fixmate-backend] [nio-8081-exec-7] com.fixmate.service.LiveNearbyService    : Partner 30 changed state — refreshing 1 live stream(s)
Hibernate: select sc1_0.id,sc1_0.description,sc1_0.icon_url,sc1_0.is_active,sc1_0.name from service_categories sc1_0 where sc1_0.id=?
Hibernate: select distinct spp1_0.id,spp1_0.current_latitude,spp1_0.current_longitude,spp1_0.experience_years,spp1_0.hourly_rate,spp1_0.is_available,spp1_0.is_online,spp1_0.kyc_document_ref,spp1_0.kyc_status,spp1_0.last_location_update,spp1_0.smart_service_score,spp1_0.total_reviews,spp1_0.user_id from partner_profiles spp1_0 join partner_skills s1_0 on spp1_0.id=s1_0.profile_id where lower(trim(BOTH from s1_0.skill))=lower(trim(BOTH from ?)) and spp1_0.kyc_status='APPROVED' and spp1_0.is_online=1 and spp1_0.is_available=1 and spp1_0.current_latitude is not null and spp1_0.current_longitude is not null and spp1_0.last_location_update is not null and spp1_0.last_location_update>=?
Hibernate: select s1_0.profile_id,s1_0.skill from partner_skills s1_0 where s1_0.profile_id=?
Hibernate: select u1_0.id,u1_0.email,u1_0.first_name,u1_0.last_name,u1_0.password,u1_0.phone,u1_0.role from users u1_0 where u1_0.email=?
Hibernate: select spp1_0.id,spp1_0.current_latitude,spp1_0.current_longitude,spp1_0.experience_years,spp1_0.hourly_rate,spp1_0.is_available,spp1_0.is_online,spp1_0.kyc_document_ref,spp1_0.kyc_status,spp1_0.last_location_update,spp1_0.smart_service_score,spp1_0.total_reviews,spp1_0.user_id from partner_profiles spp1_0 where spp1_0.user_id=?
Hibernate: update partner_profiles set current_latitude=?,current_longitude=?,experience_years=?,hourly_rate=?,is_available=?,is_online=?,kyc_document_ref=?,kyc_status=?,last_location_update=?,smart_service_score=?,total_reviews=?,user_id=? where id=?
2026-08-18T00:08:06.187+05:30  INFO 3132 --- [fixmate-backend] [io-8081-exec-10] com.fixmate.service.LiveNearbyService    : Partner 30 changed state — refreshing 1 live stream(s)
Hibernate: select sc1_0.id,sc1_0.description,sc1_0.icon_url,sc1_0.is_active,sc1_0.name from service_categories sc1_0 where sc1_0.id=?
Hibernate: select distinct spp1_0.id,spp1_0.current_latitude,spp1_0.current_longitude,spp1_0.experience_years,spp1_0.hourly_rate,spp1_0.is_available,spp1_0.is_online,spp1_0.kyc_document_ref,spp1_0.kyc_status,spp1_0.last_location_update,spp1_0.smart_service_score,spp1_0.total_reviews,spp1_0.user_id from partner_profiles spp1_0 join partner_skills s1_0 on spp1_0.id=s1_0.profile_id where lower(trim(BOTH from s1_0.skill))=lower(trim(BOTH from ?)) and spp1_0.kyc_status='APPROVED' and spp1_0.is_online=1 and spp1_0.is_available=1 and spp1_0.current_latitude is not null and spp1_0.current_longitude is not null and spp1_0.last_location_update is not null and spp1_0.last_location_update>=?
Hibernate: select s1_0.profile_id,s1_0.skill from partner_skills s1_0 where s1_0.profile_id=?
Hibernate: select u1_0.id,u1_0.email,u1_0.first_name,u1_0.last_name,u1_0.password,u1_0.phone,u1_0.role from users u1_0 where u1_0.email=?
Hibernate: select spp1_0.id,spp1_0.current_latitude,spp1_0.current_longitude,spp1_0.experience_years,spp1_0.hourly_rate,spp1_0.is_available,spp1_0.is_online,spp1_0.kyc_document_ref,spp1_0.kyc_status,spp1_0.last_location_update,spp1_0.smart_service_score,spp1_0.total_reviews,spp1_0.user_id from partner_profiles spp1_0 where spp1_0.user_id=?
Hibernate: update partner_profiles set current_latitude=?,current_longitude=?,experience_years=?,hourly_rate=?,is_available=?,is_online=?,kyc_document_ref=?,kyc_status=?,last_location_update=?,smart_service_score=?,total_reviews=?,user_id=? where id=?
2026-08-18T00:08:07.831+05:30  INFO 3132 --- [fixmate-backend] [nio-8081-exec-1] com.fixmate.service.LiveNearbyService    : Partner 30 changed state — refreshing 1 live stream(s)
Hibernate: select sc1_0.id,sc1_0.description,sc1_0.icon_url,sc1_0.is_active,sc1_0.name from service_categories sc1_0 where sc1_0.id=?
Hibernate: select distinct spp1_0.id,spp1_0.current_latitude,spp1_0.current_longitude,spp1_0.experience_years,spp1_0.hourly_rate,spp1_0.is_available,spp1_0.is_online,spp1_0.kyc_document_ref,spp1_0.kyc_status,spp1_0.last_location_update,spp1_0.smart_service_score,spp1_0.total_reviews,spp1_0.user_id from partner_profiles spp1_0 join partner_skills s1_0 on spp1_0.id=s1_0.profile_id where lower(trim(BOTH from s1_0.skill))=lower(trim(BOTH from ?)) and spp1_0.kyc_status='APPROVED' and spp1_0.is_online=1 and spp1_0.is_available=1 and spp1_0.current_latitude is not null and spp1_0.current_longitude is not null and spp1_0.last_location_update is not null and spp1_0.last_location_update>=?
Hibernate: select s1_0.profile_id,s1_0.skill from partner_skills s1_0 where s1_0.profile_id=?
Hibernate: select u1_0.id,u1_0.email,u1_0.first_name,u1_0.last_name,u1_0.password,u1_0.phone,u1_0.role from users u1_0 where u1_0.email=?
Hibernate: select spp1_0.id,spp1_0.current_latitude,spp1_0.current_longitude,spp1_0.experience_years,spp1_0.hourly_rate,spp1_0.is_available,spp1_0.is_online,spp1_0.kyc_document_ref,spp1_0.kyc_status,spp1_0.last_location_update,spp1_0.smart_service_score,spp1_0.total_reviews,spp1_0.user_id from partner_profiles spp1_0 where spp1_0.user_id=?
Hibernate: update partner_profiles set current_latitude=?,current_longitude=?,experience_years=?,hourly_rate=?,is_available=?,is_online=?,kyc_document_ref=?,kyc_status=?,last_location_update=?,smart_service_score=?,total_reviews=?,user_id=? where id=?
2026-08-18T00:08:10.168+05:30  INFO 3132 --- [fixmate-backend] [nio-8081-exec-4] com.fixmate.service.LiveNearbyService    : Partner 30 changed state — refreshing 1 live stream(s)
Hibernate: select sc1_0.id,sc1_0.description,sc1_0.icon_url,sc1_0.is_active,sc1_0.name from service_categories sc1_0 where sc1_0.id=?
Hibernate: select distinct spp1_0.id,spp1_0.current_latitude,spp1_0.current_longitude,spp1_0.experience_years,spp1_0.hourly_rate,spp1_0.is_available,spp1_0.is_online,spp1_0.kyc_document_ref,spp1_0.kyc_status,spp1_0.last_location_update,spp1_0.smart_service_score,spp1_0.total_reviews,spp1_0.user_id from partner_profiles spp1_0 join partner_skills s1_0 on spp1_0.id=s1_0.profile_id where lower(trim(BOTH from s1_0.skill))=lower(trim(BOTH from ?)) and spp1_0.kyc_status='APPROVED' and spp1_0.is_online=1 and spp1_0.is_available=1 and spp1_0.current_latitude is not null and spp1_0.current_longitude is not null and spp1_0.last_location_update is not null and spp1_0.last_location_update>=?
Hibernate: select s1_0.profile_id,s1_0.skill from partner_skills s1_0 where s1_0.profile_id=?
Hibernate: select u1_0.id,u1_0.email,u1_0.first_name,u1_0.last_name,u1_0.password,u1_0.phone,u1_0.role from users u1_0 where u1_0.email=?
Hibernate: select spp1_0.id,spp1_0.current_latitude,spp1_0.current_longitude,spp1_0.experience_years,spp1_0.hourly_rate,spp1_0.is_available,spp1_0.is_online,spp1_0.kyc_document_ref,spp1_0.kyc_status,spp1_0.last_location_update,spp1_0.smart_service_score,spp1_0.total_reviews,spp1_0.user_id from partner_profiles spp1_0 where spp1_0.user_id=?
Hibernate: update partner_profiles set current_latitude=?,current_longitude=?,experience_years=?,hourly_rate=?,is_available=?,is_online=?,kyc_document_ref=?,kyc_status=?,last_location_update=?,smart_service_score=?,total_reviews=?,user_id=? where id=?
2026-08-18T00:08:12.143+05:30  INFO 3132 --- [fixmate-backend] [nio-8081-exec-5] com.fixmate.service.LiveNearbyService    : Partner 30 changed state — refreshing 1 live stream(s)
Hibernate: select sc1_0.id,sc1_0.description,sc1_0.icon_url,sc1_0.is_active,sc1_0.name from service_categories sc1_0 where sc1_0.id=?
Hibernate: select distinct spp1_0.id,spp1_0.current_latitude,spp1_0.current_longitude,spp1_0.experience_years,spp1_0.hourly_rate,spp1_0.is_available,spp1_0.is_online,spp1_0.kyc_document_ref,spp1_0.kyc_status,spp1_0.last_location_update,spp1_0.smart_service_score,spp1_0.total_reviews,spp1_0.user_id from partner_profiles spp1_0 join partner_skills s1_0 on spp1_0.id=s1_0.profile_id where lower(trim(BOTH from s1_0.skill))=lower(trim(BOTH from ?)) and spp1_0.kyc_status='APPROVED' and spp1_0.is_online=1 and spp1_0.is_available=1 and spp1_0.current_latitude is not null and spp1_0.current_longitude is not null and spp1_0.last_location_update is not null and spp1_0.last_location_update>=?
Hibernate: select s1_0.profile_id,s1_0.skill from partner_skills s1_0 where s1_0.profile_id=?
Hibernate: select u1_0.id,u1_0.email,u1_0.first_name,u1_0.last_name,u1_0.password,u1_0.phone,u1_0.role from users u1_0 where u1_0.email=?
Hibernate: select spp1_0.id,spp1_0.current_latitude,spp1_0.current_longitude,spp1_0.experience_years,spp1_0.hourly_rate,spp1_0.is_available,spp1_0.is_online,spp1_0.kyc_document_ref,spp1_0.kyc_status,spp1_0.last_location_update,spp1_0.smart_service_score,spp1_0.total_reviews,spp1_0.user_id from partner_profiles spp1_0 where spp1_0.user_id=?
Hibernate: update partner_profiles set current_latitude=?,current_longitude=?,experience_years=?,hourly_rate=?,is_available=?,is_online=?,kyc_document_ref=?,kyc_status=?,last_location_update=?,smart_service_score=?,total_reviews=?,user_id=? where id=?
2026-08-18T00:08:29.078+05:30  INFO 3132 --- [fixmate-backend] [nio-8081-exec-8] com.fixmate.service.LiveNearbyService    : Partner 30 changed state — refreshing 1 live stream(s)
Hibernate: select sc1_0.id,sc1_0.description,sc1_0.icon_url,sc1_0.is_active,sc1_0.name from service_categories sc1_0 where sc1_0.id=?
Hibernate: select distinct spp1_0.id,spp1_0.current_latitude,spp1_0.current_longitude,spp1_0.experience_years,spp1_0.hourly_rate,spp1_0.is_available,spp1_0.is_online,spp1_0.kyc_document_ref,spp1_0.kyc_status,spp1_0.last_location_update,spp1_0.smart_service_score,spp1_0.total_reviews,spp1_0.user_id from partner_profiles spp1_0 join partner_skills s1_0 on spp1_0.id=s1_0.profile_id where lower(trim(BOTH from s1_0.skill))=lower(trim(BOTH from ?)) and spp1_0.kyc_status='APPROVED' and spp1_0.is_online=1 and spp1_0.is_available=1 and spp1_0.current_latitude is not null and spp1_0.current_longitude is not null and spp1_0.last_location_update is not null and spp1_0.last_location_update>=?
Hibernate: select s1_0.profile_id,s1_0.skill from partner_skills s1_0 where s1_0.profile_id=?
Hibernate: select u1_0.id,u1_0.email,u1_0.first_name,u1_0.last_name,u1_0.password,u1_0.phone,u1_0.role from users u1_0 where u1_0.email=?
Hibernate: select spp1_0.id,spp1_0.current_latitude,spp1_0.current_longitude,spp1_0.experience_years,spp1_0.hourly_rate,spp1_0.is_available,spp1_0.is_online,spp1_0.kyc_document_ref,spp1_0.kyc_status,spp1_0.last_location_update,spp1_0.smart_service_score,spp1_0.total_reviews,spp1_0.user_id from partner_profiles spp1_0 where spp1_0.user_id=?
Hibernate: update partner_profiles set current_latitude=?,current_longitude=?,experience_years=?,hourly_rate=?,is_available=?,is_online=?,kyc_document_ref=?,kyc_status=?,last_location_update=?,smart_service_score=?,total_reviews=?,user_id=? where id=?
Hibernate: delete from partner_skills where profile_id=?
Hibernate: insert into partner_skills (profile_id,skill) values (?,?)
Hibernate: insert into partner_skills (profile_id,skill) values (?,?)
Hibernate: insert into partner_skills (profile_id,skill) values (?,?)
Hibernate: insert into partner_skills (profile_id,skill) values (?,?)
2026-08-18T00:08:36.160+05:30  INFO 3132 --- [fixmate-backend] [nio-8081-exec-9] com.fixmate.service.LiveNearbyService    : Partner 30 changed state — refreshing 1 live stream(s)
Hibernate: select sc1_0.id,sc1_0.description,sc1_0.icon_url,sc1_0.is_active,sc1_0.name from service_categories sc1_0 where sc1_0.id=?
Hibernate: select distinct spp1_0.id,spp1_0.current_latitude,spp1_0.current_longitude,spp1_0.experience_years,spp1_0.hourly_rate,spp1_0.is_available,spp1_0.is_online,spp1_0.kyc_document_ref,spp1_0.kyc_status,spp1_0.last_location_update,spp1_0.smart_service_score,spp1_0.total_reviews,spp1_0.user_id from partner_profiles spp1_0 join partner_skills s1_0 on spp1_0.id=s1_0.profile_id where lower(trim(BOTH from s1_0.skill))=lower(trim(BOTH from ?)) and spp1_0.kyc_status='APPROVED' and spp1_0.is_online=1 and spp1_0.is_available=1 and spp1_0.current_latitude is not null and spp1_0.current_longitude is not null and spp1_0.last_location_update is not null and spp1_0.last_location_update>=?
Hibernate: select u1_0.id,u1_0.email,u1_0.first_name,u1_0.last_name,u1_0.password,u1_0.phone,u1_0.role from users u1_0 where u1_0.email=?
Hibernate: select spp1_0.id,spp1_0.current_latitude,spp1_0.current_longitude,spp1_0.experience_years,spp1_0.hourly_rate,spp1_0.is_available,spp1_0.is_online,spp1_0.kyc_document_ref,spp1_0.kyc_status,spp1_0.last_location_update,spp1_0.smart_service_score,spp1_0.total_reviews,spp1_0.user_id from partner_profiles spp1_0 where spp1_0.user_id=?
Hibernate: select s1_0.profile_id,s1_0.skill from partner_skills s1_0 where s1_0.profile_id=?
Hibernate: select u1_0.id,u1_0.email,u1_0.first_name,u1_0.last_name,u1_0.password,u1_0.phone,u1_0.role from users u1_0 where u1_0.email=?
Hibernate: select spp1_0.id,spp1_0.current_latitude,spp1_0.current_longitude,spp1_0.experience_years,spp1_0.hourly_rate,spp1_0.is_available,spp1_0.is_online,spp1_0.kyc_document_ref,spp1_0.kyc_status,spp1_0.last_location_update,spp1_0.smart_service_score,spp1_0.total_reviews,spp1_0.user_id from partner_profiles spp1_0 where spp1_0.user_id=?
Hibernate: select s1_0.profile_id,s1_0.skill from partner_skills s1_0 where s1_0.profile_id=?
Hibernate: select u1_0.id,u1_0.email,u1_0.first_name,u1_0.last_name,u1_0.password,u1_0.phone,u1_0.role from users u1_0 where u1_0.email=?
Hibernate: select spp1_0.id,spp1_0.current_latitude,spp1_0.current_longitude,spp1_0.experience_years,spp1_0.hourly_rate,spp1_0.is_available,spp1_0.is_online,spp1_0.kyc_document_ref,spp1_0.kyc_status,spp1_0.last_location_update,spp1_0.smart_service_score,spp1_0.total_reviews,spp1_0.user_id from partner_profiles spp1_0 where spp1_0.user_id=?
Hibernate: update partner_profiles set current_latitude=?,current_longitude=?,experience_years=?,hourly_rate=?,is_available=?,is_online=?,kyc_document_ref=?,kyc_status=?,last_location_update=?,smart_service_score=?,total_reviews=?,user_id=? where id=?
2026-08-18T00:08:59.066+05:30  INFO 3132 --- [fixmate-backend] [nio-8081-exec-6] com.fixmate.service.LiveNearbyService    : Partner 30 changed state — refreshing 1 live stream(s)
Hibernate: select sc1_0.id,sc1_0.description,sc1_0.icon_url,sc1_0.is_active,sc1_0.name from service_categories sc1_0 where sc1_0.id=?
Hibernate: select distinct spp1_0.id,spp1_0.current_latitude,spp1_0.current_longitude,spp1_0.experience_years,spp1_0.hourly_rate,spp1_0.is_available,spp1_0.is_online,spp1_0.kyc_document_ref,spp1_0.kyc_status,spp1_0.last_location_update,spp1_0.smart_service_score,spp1_0.total_reviews,spp1_0.user_id from partner_profiles spp1_0 join partner_skills s1_0 on spp1_0.id=s1_0.profile_id where lower(trim(BOTH from s1_0.skill))=lower(trim(BOTH from ?)) and spp1_0.kyc_status='APPROVED' and spp1_0.is_online=1 and spp1_0.is_available=1 and spp1_0.current_latitude is not null and spp1_0.current_longitude is not null and spp1_0.last_location_update is not null and spp1_0.last_location_update>=?
Hibernate: select s1_0.profile_id,s1_0.skill from partner_skills s1_0 where s1_0.profile_id=?
Hibernate: select u1_0.id,u1_0.email,u1_0.first_name,u1_0.last_name,u1_0.password,u1_0.phone,u1_0.role from users u1_0 where u1_0.email=?
Hibernate: select spp1_0.id,spp1_0.current_latitude,spp1_0.current_longitude,spp1_0.experience_years,spp1_0.hourly_rate,spp1_0.is_available,spp1_0.is_online,spp1_0.kyc_document_ref,spp1_0.kyc_status,spp1_0.last_location_update,spp1_0.smart_service_score,spp1_0.total_reviews,spp1_0.user_id from partner_profiles spp1_0 where spp1_0.user_id=?
Hibernate: update partner_profiles set current_latitude=?,current_longitude=?,experience_years=?,hourly_rate=?,is_available=?,is_online=?,kyc_document_ref=?,kyc_status=?,last_location_update=?,smart_service_score=?,total_reviews=?,user_id=? where id=?
2026-08-18T00:09:29.727+05:30  INFO 3132 --- [fixmate-backend] [nio-8081-exec-7] com.fixmate.service.LiveNearbyService    : Partner 30 changed state — refreshing 1 live stream(s)
Hibernate: select sc1_0.id,sc1_0.description,sc1_0.icon_url,sc1_0.is_active,sc1_0.name from service_categories sc1_0 where sc1_0.id=?
Hibernate: select distinct spp1_0.id,spp1_0.current_latitude,spp1_0.current_longitude,spp1_0.experience_years,spp1_0.hourly_rate,spp1_0.is_available,spp1_0.is_online,spp1_0.kyc_document_ref,spp1_0.kyc_status,spp1_0.last_location_update,spp1_0.smart_service_score,spp1_0.total_reviews,spp1_0.user_id from partner_profiles spp1_0 join partner_skills s1_0 on spp1_0.id=s1_0.profile_id where lower(trim(BOTH from s1_0.skill))=lower(trim(BOTH from ?)) and spp1_0.kyc_status='APPROVED' and spp1_0.is_online=1 and spp1_0.is_available=1 and spp1_0.current_latitude is not null and spp1_0.current_longitude is not null and spp1_0.last_location_update is not null and spp1_0.last_location_update>=?
Hibernate: select s1_0.profile_id,s1_0.skill from partner_skills s1_0 where s1_0.profile_id=?
Hibernate: select u1_0.id,u1_0.email,u1_0.first_name,u1_0.last_name,u1_0.password,u1_0.phone,u1_0.role from users u1_0 where u1_0.email=?
Hibernate: select sc1_0.id,sc1_0.description,sc1_0.icon_url,sc1_0.is_active,sc1_0.name from service_categories sc1_0 where sc1_0.id=?
Hibernate: select distinct spp1_0.id,spp1_0.current_latitude,spp1_0.current_longitude,spp1_0.experience_years,spp1_0.hourly_rate,spp1_0.is_available,spp1_0.is_online,spp1_0.kyc_document_ref,spp1_0.kyc_status,spp1_0.last_location_update,spp1_0.smart_service_score,spp1_0.total_reviews,spp1_0.user_id from partner_profiles spp1_0 join partner_skills s1_0 on spp1_0.id=s1_0.profile_id where lower(trim(BOTH from s1_0.skill))=lower(trim(BOTH from ?)) and spp1_0.kyc_status='APPROVED' and spp1_0.is_online=1 and spp1_0.is_available=1 and spp1_0.current_latitude is not null and spp1_0.current_longitude is not null and spp1_0.last_location_update is not null and spp1_0.last_location_update>=?
