[INFO] Scanning for projects...
[INFO] 
[INFO] -----------------< com.fixmate:fixmate-eureka-server >------------------
[INFO] Building fixmate-eureka-server 0.0.1-SNAPSHOT
[INFO]   from pom.xml
[INFO] --------------------------------[ jar ]---------------------------------
[INFO] 
[INFO] >>> spring-boot:3.2.3:run (default-cli) > test-compile @ fixmate-eureka-server >>>
[INFO] 
[INFO] --- resources:3.3.1:resources (default-resources) @ fixmate-eureka-server ---
[INFO] Copying 1 resource from src\main\resources to target\classes
[INFO] Copying 0 resource from src\main\resources to target\classes
[INFO] 
[INFO] --- compiler:3.11.0:compile (default-compile) @ fixmate-eureka-server ---
[INFO] Changes detected - recompiling the module! :input tree
[INFO] Compiling 1 source file with javac [debug release 17] to target\classes
[INFO] 
[INFO] --- resources:3.3.1:testResources (default-testResources) @ fixmate-eureka-server ---
[INFO] skip non existing resourceDirectory D:\Projects\fixmate-eureka-server\src\test\resources
[INFO] 
[INFO] --- compiler:3.11.0:testCompile (default-testCompile) @ fixmate-eureka-server ---
[INFO] No sources to compile
[INFO] 
[INFO] <<< spring-boot:3.2.3:run (default-cli) < test-compile @ fixmate-eureka-server <<<
[INFO] 
[INFO] 
[INFO] --- spring-boot:3.2.3:run (default-cli) @ fixmate-eureka-server ---
[INFO] Attaching agents: []

  .   ____          _            __ _ _
 /\\ / ___'_ __ _ _(_)_ __  __ _ \ \ \ \
( ( )\___ | '_ | '_| | '_ \/ _` | \ \ \ \
 \\/  ___)| |_)| | | | | || (_| |  ) ) ) )
  '  |____| .__|_| |_|_| |_\__, | / / / /
 =========|_|==============|___/=/_/_/_/
 :: Spring Boot ::                (v3.2.3)

2026-08-18T13:02:25.466+05:30  INFO 19544 --- [fixmate-eureka-server] [           main] c.f.eureka.EurekaServerApplication       : Starting EurekaServerApplication using Java 23.0.1 with PID 19544 (D:\Projects\fixmate-eureka-server\target\classes started by HP in D:\Projects\fixmate-eureka-server)
2026-08-18T13:02:25.468+05:30  INFO 19544 --- [fixmate-eureka-server] [           main] c.f.eureka.EurekaServerApplication       : No active profile set, falling back to 1 default profile: "default"
2026-08-18T13:02:26.854+05:30  INFO 19544 --- [fixmate-eureka-server] [           main] o.s.cloud.context.scope.GenericScope     : BeanFactory id=518f9ce7-d331-3309-9e3c-993627a4303d
2026-08-18T13:02:26.916+05:30  WARN 19544 --- [fixmate-eureka-server] [           main] trationDelegate$BeanPostProcessorChecker : Bean 'org.springframework.cloud.client.loadbalancer.LoadBalancerAutoConfiguration$LoadBalancerInterceptorConfig' of type [org.springframework.cloud.client.loadbalancer.LoadBalancerAutoConfiguration$LoadBalancerInterceptorConfig] is not eligible for getting processed by all BeanPostProcessors (for example: not eligible for auto-proxying). The currently created BeanPostProcessor [lbRestClientPostProcessor] is declared through a non-static factory method on that class; consider declaring it as static instead.
2026-08-18T13:02:26.920+05:30  WARN 19544 --- [fixmate-eureka-server] [           main] trationDelegate$BeanPostProcessorChecker : Bean 'org.springframework.cloud.loadbalancer.config.BlockingLoadBalancerClientAutoConfiguration' of type [org.springframework.cloud.loadbalancer.config.BlockingLoadBalancerClientAutoConfiguration] is not eligible for getting processed by all BeanPostProcessors (for example: not eligible for auto-proxying). Is this bean getting eagerly injected into a currently created BeanPostProcessor [lbRestClientPostProcessor]? Check the corresponding BeanPostProcessor declaration and its dependencies.
2026-08-18T13:02:26.922+05:30  WARN 19544 --- [fixmate-eureka-server] [           main] trationDelegate$BeanPostProcessorChecker : Bean 'org.springframework.cloud.loadbalancer.config.LoadBalancerAutoConfiguration' of type [org.springframework.cloud.loadbalancer.config.LoadBalancerAutoConfiguration] is not eligible for getting processed by all BeanPostProcessors (for example: not eligible for auto-proxying). Is this bean getting eagerly injected into a currently created BeanPostProcessor [lbRestClientPostProcessor]? Check the corresponding BeanPostProcessor declaration and its dependencies.
2026-08-18T13:02:26.932+05:30  WARN 19544 --- [fixmate-eureka-server] [           main] trationDelegate$BeanPostProcessorChecker : Bean 'org.springframework.cloud.commons.config.CommonsConfigAutoConfiguration' of type [org.springframework.cloud.commons.config.CommonsConfigAutoConfiguration] is not eligible for getting processed by all BeanPostProcessors (for example: not eligible for auto-proxying). Is this bean getting eagerly injected into a currently created BeanPostProcessor [lbRestClientPostProcessor]? Check the corresponding BeanPostProcessor declaration and its dependencies.
2026-08-18T13:02:26.933+05:30  WARN 19544 --- [fixmate-eureka-server] [           main] trationDelegate$BeanPostProcessorChecker : Bean 'org.springframework.cloud.client.loadbalancer.LoadBalancerDefaultMappingsProviderAutoConfiguration' of type [org.springframework.cloud.client.loadbalancer.LoadBalancerDefaultMappingsProviderAutoConfiguration] is not eligible for getting processed by all BeanPostProcessors (for example: not eligible for auto-proxying). Is this bean getting eagerly injected into a currently created BeanPostProcessor [lbRestClientPostProcessor]? Check the corresponding BeanPostProcessor declaration and its dependencies.
2026-08-18T13:02:26.934+05:30  WARN 19544 --- [fixmate-eureka-server] [           main] trationDelegate$BeanPostProcessorChecker : Bean 'loadBalancerClientsDefaultsMappingsProvider' of type [org.springframework.cloud.client.loadbalancer.LoadBalancerDefaultMappingsProviderAutoConfiguration$$Lambda/0x00000151c9328c80] is not eligible for getting processed by all BeanPostProcessors (for example: not eligible for auto-proxying). Is this bean getting eagerly injected into a currently created BeanPostProcessor [lbRestClientPostProcessor]? Check the corresponding BeanPostProcessor declaration and its dependencies.
2026-08-18T13:02:26.935+05:30  WARN 19544 --- [fixmate-eureka-server] [           main] trationDelegate$BeanPostProcessorChecker : Bean 'defaultsBindHandlerAdvisor' of type [org.springframework.cloud.commons.config.DefaultsBindHandlerAdvisor] is not eligible for getting processed by all BeanPostProcessors (for example: not eligible for auto-proxying). Is this bean getting eagerly injected into a currently created BeanPostProcessor [lbRestClientPostProcessor]? Check the corresponding BeanPostProcessor declaration and its dependencies.
2026-08-18T13:02:26.945+05:30  WARN 19544 --- [fixmate-eureka-server] [           main] trationDelegate$BeanPostProcessorChecker : Bean 'spring.cloud.loadbalancer-org.springframework.cloud.client.loadbalancer.LoadBalancerClientsProperties' of type [org.springframework.cloud.client.loadbalancer.LoadBalancerClientsProperties] is not eligible for getting processed by all BeanPostProcessors (for example: not eligible for auto-proxying). Is this bean getting eagerly injected into a currently created BeanPostProcessor [lbRestClientPostProcessor]? Check the corresponding BeanPostProcessor declaration and its dependencies.
2026-08-18T13:02:26.953+05:30  WARN 19544 --- [fixmate-eureka-server] [           main] trationDelegate$BeanPostProcessorChecker : Bean 'default.org.springframework.cloud.loadbalancer.config.LoadBalancerAutoConfiguration.LoadBalancerClientSpecification' of type [org.springframework.cloud.loadbalancer.annotation.LoadBalancerClientSpecification] is not eligible for getting processed by all BeanPostProcessors (for example: not eligible for auto-proxying). Is this bean getting eagerly injected into a currently created BeanPostProcessor [lbRestClientPostProcessor]? Check the corresponding BeanPostProcessor declaration and its dependencies.
2026-08-18T13:02:26.954+05:30  WARN 19544 --- [fixmate-eureka-server] [           main] trationDelegate$BeanPostProcessorChecker : Bean 'default.org.springframework.cloud.loadbalancer.config.BlockingLoadBalancerClientAutoConfiguration.LoadBalancerClientSpecification' of type [org.springframework.cloud.loadbalancer.annotation.LoadBalancerClientSpecification] is not eligible for getting processed by all BeanPostProcessors (for example: not eligible for auto-proxying). Is this bean getting eagerly injected into a currently created BeanPostProcessor [lbRestClientPostProcessor]? Check the corresponding BeanPostProcessor declaration and its dependencies.
2026-08-18T13:02:26.955+05:30  WARN 19544 --- [fixmate-eureka-server] [           main] trationDelegate$BeanPostProcessorChecker : Bean 'default.org.springframework.cloud.netflix.eureka.loadbalancer.LoadBalancerEurekaAutoConfiguration.LoadBalancerClientSpecification' of type [org.springframework.cloud.loadbalancer.annotation.LoadBalancerClientSpecification] is not eligible for getting processed by all BeanPostProcessors (for example: not eligible for auto-proxying). Is this bean getting eagerly injected into a currently created BeanPostProcessor [lbRestClientPostProcessor]? Check the corresponding BeanPostProcessor declaration and its dependencies.
2026-08-18T13:02:26.959+05:30  WARN 19544 --- [fixmate-eureka-server] [           main] trationDelegate$BeanPostProcessorChecker : Bean 'loadBalancerClientFactory' of type [org.springframework.cloud.loadbalancer.support.LoadBalancerClientFactory] is not eligible for getting processed by all BeanPostProcessors (for example: not eligible for auto-proxying). Is this bean getting eagerly injected into a currently created BeanPostProcessor [lbRestClientPostProcessor]? Check the corresponding BeanPostProcessor declaration and its dependencies.
2026-08-18T13:02:26.962+05:30  WARN 19544 --- [fixmate-eureka-server] [           main] trationDelegate$BeanPostProcessorChecker : Bean 'blockingLoadBalancerClient' of type [org.springframework.cloud.loadbalancer.blocking.client.BlockingLoadBalancerClient] is not eligible for getting processed by all BeanPostProcessors (for example: not eligible for auto-proxying). Is this bean getting eagerly injected into a currently created BeanPostProcessor [lbRestClientPostProcessor]? Check the corresponding BeanPostProcessor declaration and its dependencies.
2026-08-18T13:02:26.970+05:30  WARN 19544 --- [fixmate-eureka-server] [           main] trationDelegate$BeanPostProcessorChecker : Bean 'loadBalancerServiceInstanceCookieTransformer' of type [org.springframework.cloud.loadbalancer.core.LoadBalancerServiceInstanceCookieTransformer] is not eligible for getting processed by all BeanPostProcessors (for example: not eligible for auto-proxying). Is this bean getting eagerly injected into a currently created BeanPostProcessor [lbRestClientPostProcessor]? Check the corresponding BeanPostProcessor declaration and its dependencies.
2026-08-18T13:02:26.971+05:30  WARN 19544 --- [fixmate-eureka-server] [           main] trationDelegate$BeanPostProcessorChecker : Bean 'xForwarderHeadersTransformer' of type [org.springframework.cloud.loadbalancer.blocking.XForwardedHeadersTransformer] is not eligible for getting processed by all BeanPostProcessors (for example: not eligible for auto-proxying). Is this bean getting eagerly injected into a currently created BeanPostProcessor [lbRestClientPostProcessor]? Check the corresponding BeanPostProcessor declaration and its dependencies.
2026-08-18T13:02:26.976+05:30  WARN 19544 --- [fixmate-eureka-server] [           main] trationDelegate$BeanPostProcessorChecker : Bean 'org.springframework.cloud.client.loadbalancer.LoadBalancerAutoConfiguration' of type [org.springframework.cloud.client.loadbalancer.LoadBalancerAutoConfiguration] is not eligible for getting processed by all BeanPostProcessors (for example: not eligible for auto-proxying). Is this bean getting eagerly injected into a currently created BeanPostProcessor [lbRestClientPostProcessor]? Check the corresponding BeanPostProcessor declaration and its dependencies.
2026-08-18T13:02:26.979+05:30  WARN 19544 --- [fixmate-eureka-server] [           main] trationDelegate$BeanPostProcessorChecker : Bean 'loadBalancerRequestFactory' of type [org.springframework.cloud.client.loadbalancer.LoadBalancerRequestFactory] is not eligible for getting processed by all BeanPostProcessors (for example: not eligible for auto-proxying). Is this bean getting eagerly injected into a currently created BeanPostProcessor [lbRestClientPostProcessor]? Check the corresponding BeanPostProcessor declaration and its dependencies.
2026-08-18T13:02:26.979+05:30  WARN 19544 --- [fixmate-eureka-server] [           main] trationDelegate$BeanPostProcessorChecker : Bean 'loadBalancerInterceptor' of type [org.springframework.cloud.client.loadbalancer.LoadBalancerInterceptor] is not eligible for getting processed by all BeanPostProcessors (for example: not eligible for auto-proxying). Is this bean getting eagerly injected into a currently created BeanPostProcessor [lbRestClientPostProcessor]? Check the corresponding BeanPostProcessor declaration and its dependencies.
2026-08-18T13:02:27.302+05:30  INFO 19544 --- [fixmate-eureka-server] [           main] o.s.b.w.embedded.tomcat.TomcatWebServer  : Tomcat initialized with port 8761 (http)
2026-08-18T13:02:27.322+05:30  INFO 19544 --- [fixmate-eureka-server] [           main] o.apache.catalina.core.StandardService   : Starting service [Tomcat]
2026-08-18T13:02:27.323+05:30  INFO 19544 --- [fixmate-eureka-server] [           main] o.apache.catalina.core.StandardEngine    : Starting Servlet engine: [Apache Tomcat/10.1.19]
2026-08-18T13:02:27.429+05:30  INFO 19544 --- [fixmate-eureka-server] [           main] o.a.c.c.C.[Tomcat].[localhost].[/]       : Initializing Spring embedded WebApplicationContext
2026-08-18T13:02:27.430+05:30  INFO 19544 --- [fixmate-eureka-server] [           main] w.s.c.ServletWebServerApplicationContext : Root WebApplicationContext: initialization completed in 1881 ms
2026-08-18T13:02:28.499+05:30  INFO 19544 --- [fixmate-eureka-server] [           main] c.n.d.provider.DiscoveryJerseyProvider   : Using JSON encoding codec LegacyJacksonJson
2026-08-18T13:02:28.500+05:30  INFO 19544 --- [fixmate-eureka-server] [           main] c.n.d.provider.DiscoveryJerseyProvider   : Using JSON decoding codec LegacyJacksonJson
2026-08-18T13:02:28.793+05:30  INFO 19544 --- [fixmate-eureka-server] [           main] c.n.d.provider.DiscoveryJerseyProvider   : Using XML encoding codec XStreamXml
2026-08-18T13:02:28.793+05:30  INFO 19544 --- [fixmate-eureka-server] [           main] c.n.d.provider.DiscoveryJerseyProvider   : Using XML decoding codec XStreamXml
2026-08-18T13:02:29.719+05:30  WARN 19544 --- [fixmate-eureka-server] [           main] iguration$LoadBalancerCaffeineWarnLogger : Spring Cloud LoadBalancer is currently working with the default cache. While this cache implementation is useful for development and tests, it's recommended to use Caffeine cache in production.You can switch to using Caffeine cache, by adding it and org.springframework.cache.caffeine.CaffeineCacheManager to the classpath.
2026-08-18T13:02:29.748+05:30  INFO 19544 --- [fixmate-eureka-server] [           main] o.s.c.n.eureka.InstanceInfoFactory       : Setting initial instance status as: STARTING
2026-08-18T13:02:29.784+05:30  INFO 19544 --- [fixmate-eureka-server] [           main] com.netflix.discovery.DiscoveryClient    : Initializing Eureka in region us-east-1
2026-08-18T13:02:29.785+05:30  INFO 19544 --- [fixmate-eureka-server] [           main] com.netflix.discovery.DiscoveryClient    : Client configured to neither register nor query for data.
2026-08-18T13:02:29.800+05:30  INFO 19544 --- [fixmate-eureka-server] [           main] com.netflix.discovery.DiscoveryClient    : Discovery Client initialized at timestamp 1787038349798 with initial instances count: 0
2026-08-18T13:02:29.848+05:30  INFO 19544 --- [fixmate-eureka-server] [           main] c.n.eureka.DefaultEurekaServerContext    : Initializing ...
2026-08-18T13:02:29.850+05:30  INFO 19544 --- [fixmate-eureka-server] [           main] c.n.eureka.cluster.PeerEurekaNodes       : Adding new peer nodes [http://localhost:8761/eureka/]
2026-08-18T13:02:30.031+05:30  INFO 19544 --- [fixmate-eureka-server] [           main] c.n.d.provider.DiscoveryJerseyProvider   : Using JSON encoding codec LegacyJacksonJson
2026-08-18T13:02:30.032+05:30  INFO 19544 --- [fixmate-eureka-server] [           main] c.n.d.provider.DiscoveryJerseyProvider   : Using JSON decoding codec LegacyJacksonJson
2026-08-18T13:02:30.032+05:30  INFO 19544 --- [fixmate-eureka-server] [           main] c.n.d.provider.DiscoveryJerseyProvider   : Using XML encoding codec XStreamXml
2026-08-18T13:02:30.032+05:30  INFO 19544 --- [fixmate-eureka-server] [           main] c.n.d.provider.DiscoveryJerseyProvider   : Using XML decoding codec XStreamXml
2026-08-18T13:02:30.183+05:30  INFO 19544 --- [fixmate-eureka-server] [           main] c.n.eureka.cluster.PeerEurekaNodes       : Replica node URL:  http://localhost:8761/eureka/
2026-08-18T13:02:30.194+05:30  INFO 19544 --- [fixmate-eureka-server] [           main] c.n.e.registry.AbstractInstanceRegistry  : Finished initializing remote region registries. All known remote regions: []
2026-08-18T13:02:30.195+05:30  INFO 19544 --- [fixmate-eureka-server] [           main] c.n.eureka.DefaultEurekaServerContext    : Initialized
2026-08-18T13:02:30.206+05:30  INFO 19544 --- [fixmate-eureka-server] [           main] o.s.b.a.e.web.EndpointLinksResolver      : Exposing 1 endpoint(s) beneath base path '/actuator'
2026-08-18T13:02:30.261+05:30  INFO 19544 --- [fixmate-eureka-server] [           main] o.s.c.n.e.s.EurekaServiceRegistry        : Registering application FIXMATE-EUREKA-SERVER with eureka with status UP
2026-08-18T13:02:30.270+05:30  INFO 19544 --- [fixmate-eureka-server] [       Thread-9] o.s.c.n.e.server.EurekaServerBootstrap   : isAws returned false
2026-08-18T13:02:30.273+05:30  INFO 19544 --- [fixmate-eureka-server] [       Thread-9] o.s.c.n.e.server.EurekaServerBootstrap   : Initialized server context
2026-08-18T13:02:30.273+05:30  INFO 19544 --- [fixmate-eureka-server] [       Thread-9] c.n.e.r.PeerAwareInstanceRegistryImpl    : Got 1 instances from neighboring DS node
2026-08-18T13:02:30.275+05:30  INFO 19544 --- [fixmate-eureka-server] [       Thread-9] c.n.e.r.PeerAwareInstanceRegistryImpl    : Renew threshold is: 1
2026-08-18T13:02:30.275+05:30  INFO 19544 --- [fixmate-eureka-server] [       Thread-9] c.n.e.r.PeerAwareInstanceRegistryImpl    : Changing status to UP
2026-08-18T13:02:30.285+05:30  INFO 19544 --- [fixmate-eureka-server] [       Thread-9] e.s.EurekaServerInitializerConfiguration : Started Eureka Server
2026-08-18T13:02:30.299+05:30  INFO 19544 --- [fixmate-eureka-server] [           main] o.s.b.w.embedded.tomcat.TomcatWebServer  : Tomcat started on port 8761 (http) with context path ''
2026-08-18T13:02:30.300+05:30  INFO 19544 --- [fixmate-eureka-server] [           main] .s.c.n.e.s.EurekaAutoServiceRegistration : Updating port to 8761
2026-08-18T13:02:30.320+05:30  INFO 19544 --- [fixmate-eureka-server] [           main] c.f.eureka.EurekaServerApplication       : Started EurekaServerApplication in 5.502 seconds (process running for 6.148)
2026-08-18T13:03:22.250+05:30  INFO 19544 --- [fixmate-eureka-server] [nio-8761-exec-1] o.a.c.c.C.[Tomcat].[localhost].[/]       : Initializing Spring DispatcherServlet 'dispatcherServlet'
2026-08-18T13:03:22.251+05:30  INFO 19544 --- [fixmate-eureka-server] [nio-8761-exec-1] o.s.web.servlet.DispatcherServlet        : Initializing Servlet 'dispatcherServlet'
2026-08-18T13:03:22.253+05:30  INFO 19544 --- [fixmate-eureka-server] [nio-8761-exec-1] o.s.web.servlet.DispatcherServlet        : Completed initialization in 1 ms
2026-08-18T13:03:22.817+05:30  INFO 19544 --- [fixmate-eureka-server] [nio-8761-exec-2] c.n.e.registry.AbstractInstanceRegistry  : Registered instance FIXMATE-API-GATEWAY/Elitebook-840G7.mshome.net:fixmate-api-gateway:8080 with status UP (replication=false)
2026-08-18T13:03:22.994+05:30  INFO 19544 --- [fixmate-eureka-server] [nio-8761-exec-4] c.n.e.registry.AbstractInstanceRegistry  : Registered instance FIXMATE-BACKEND/Elitebook-840G7.mshome.net:fixmate-backend:8081 with status UP (replication=false)
2026-08-18T13:03:23.560+05:30  INFO 19544 --- [fixmate-eureka-server] [nio-8761-exec-6] c.n.e.registry.AbstractInstanceRegistry  : Registered instance FIXMATE-API-GATEWAY/Elitebook-840G7.mshome.net:fixmate-api-gateway:8080 with status UP (replication=true)
2026-08-18T13:03:23.560+05:30  INFO 19544 --- [fixmate-eureka-server] [nio-8761-exec-6] c.n.e.registry.AbstractInstanceRegistry  : Registered instance FIXMATE-BACKEND/Elitebook-840G7.mshome.net:fixmate-backend:8081 with status UP (replication=true)
2026-08-18T13:03:30.277+05:30  INFO 19544 --- [fixmate-eureka-server] [a-EvictionTimer] c.n.e.registry.AbstractInstanceRegistry  : Running the evict task with compensationTime 0ms
2026-08-18T13:04:30.277+05:30  INFO 19544 --- [fixmate-eureka-server] [a-EvictionTimer] c.n.e.registry.AbstractInstanceRegistry  : Running the evict task with compensationTime 0ms
2026-08-18T13:05:30.285+05:30  INFO 19544 --- [fixmate-eureka-server] [a-EvictionTimer] c.n.e.registry.AbstractInstanceRegistry  : Running the evict task with compensationTime 7ms
2026-08-18T13:06:30.286+05:30  INFO 19544 --- [fixmate-eureka-server] [a-EvictionTimer] c.n.e.registry.AbstractInstanceRegistry  : Running the evict task with compensationTime 0ms
2026-08-18T13:07:30.287+05:30  INFO 19544 --- [fixmate-eureka-server] [a-EvictionTimer] c.n.e.registry.AbstractInstanceRegistry  : Running the evict task with compensationTime 1ms
2026-08-18T13:08:30.287+05:30  INFO 19544 --- [fixmate-eureka-server] [a-EvictionTimer] c.n.e.registry.AbstractInstanceRegistry  : Running the evict task with compensationTime 0ms
2026-08-18T13:16:57.038+05:30  INFO 19544 --- [fixmate-eureka-server] [a-EvictionTimer] c.n.e.registry.AbstractInstanceRegistry  : Running the evict task with compensationTime 446751ms
2026-08-18T13:17:57.042+05:30  INFO 19544 --- [fixmate-eureka-server] [a-EvictionTimer] c.n.e.registry.AbstractInstanceRegistry  : Running the evict task with compensationTime 4ms
2026-08-18T13:18:57.056+05:30  INFO 19544 --- [fixmate-eureka-server] [a-EvictionTimer] c.n.e.registry.AbstractInstanceRegistry  : Running the evict task with compensationTime 13ms
2026-08-18T13:19:57.058+05:30  INFO 19544 --- [fixmate-eureka-server] [a-EvictionTimer] c.n.e.registry.AbstractInstanceRegistry  : Running the evict task with compensationTime 1ms
2026-08-18T13:20:57.066+05:30  INFO 19544 --- [fixmate-eureka-server] [a-EvictionTimer] c.n.e.registry.AbstractInstanceRegistry  : Running the evict task with compensationTime 8ms
2026-08-18T13:21:57.073+05:30  INFO 19544 --- [fixmate-eureka-server] [a-EvictionTimer] c.n.e.registry.AbstractInstanceRegistry  : Running the evict task with compensationTime 7ms
2026-08-18T13:22:57.075+05:30  INFO 19544 --- [fixmate-eureka-server] [a-EvictionTimer] c.n.e.registry.AbstractInstanceRegistry  : Running the evict task with compensationTime 1ms
2026-08-18T13:23:57.076+05:30  INFO 19544 --- [fixmate-eureka-server] [a-EvictionTimer] c.n.e.registry.AbstractInstanceRegistry  : Running the evict task with compensationTime 1ms
2026-08-18T13:24:56.951+05:30  INFO 19544 --- [fixmate-eureka-server] [hresholdUpdater] c.n.e.r.PeerAwareInstanceRegistryImpl    : Current renewal threshold is : 5
2026-08-18T13:24:57.077+05:30  INFO 19544 --- [fixmate-eureka-server] [a-EvictionTimer] c.n.e.registry.AbstractInstanceRegistry  : Running the evict task with compensationTime 0ms
2026-08-18T13:25:57.078+05:30  INFO 19544 --- [fixmate-eureka-server] [a-EvictionTimer] c.n.e.registry.AbstractInstanceRegistry  : Running the evict task with compensationTime 1ms
2026-08-18T13:26:57.078+05:30  INFO 19544 --- [fixmate-eureka-server] [a-EvictionTimer] c.n.e.registry.AbstractInstanceRegistry  : Running the evict task with compensationTime 0ms
2026-08-18T13:27:57.078+05:30  INFO 19544 --- [fixmate-eureka-server] [a-EvictionTimer] c.n.e.registry.AbstractInstanceRegistry  : Running the evict task with compensationTime 0ms
2026-08-18T13:28:57.079+05:30  INFO 19544 --- [fixmate-eureka-server] [a-EvictionTimer] c.n.e.registry.AbstractInstanceRegistry  : Running the evict task with compensationTime 0ms
2026-08-18T13:29:57.080+05:30  INFO 19544 --- [fixmate-eureka-server] [a-EvictionTimer] c.n.e.registry.AbstractInstanceRegistry  : Running the evict task with compensationTime 0ms
2026-08-18T13:30:57.081+05:30  INFO 19544 --- [fixmate-eureka-server] [a-EvictionTimer] c.n.e.registry.AbstractInstanceRegistry  : Running the evict task with compensationTime 0ms
2026-08-18T13:35:03.736+05:30  INFO 19544 --- [fixmate-eureka-server] [a-EvictionTimer] c.n.e.registry.AbstractInstanceRegistry  : Running the evict task with compensationTime 186654ms
2026-08-18T13:36:03.736+05:30  INFO 19544 --- [fixmate-eureka-server] [a-EvictionTimer] c.n.e.registry.AbstractInstanceRegistry  : Running the evict task with compensationTime 0ms
2026-08-18T13:37:03.737+05:30  INFO 19544 --- [fixmate-eureka-server] [a-EvictionTimer] c.n.e.registry.AbstractInstanceRegistry  : Running the evict task with compensationTime 1ms
2026-08-18T13:38:03.739+05:30  INFO 19544 --- [fixmate-eureka-server] [a-EvictionTimer] c.n.e.registry.AbstractInstanceRegistry  : Running the evict task with compensationTime 1ms
2026-08-18T13:39:03.740+05:30  INFO 19544 --- [fixmate-eureka-server] [a-EvictionTimer] c.n.e.registry.AbstractInstanceRegistry  : Running the evict task with compensationTime 0ms
2026-08-18T13:40:03.740+05:30  INFO 19544 --- [fixmate-eureka-server] [a-EvictionTimer] c.n.e.registry.AbstractInstanceRegistry  : Running the evict task with compensationTime 0ms
2026-08-18T13:58:55.252+05:30  INFO 19544 --- [fixmate-eureka-server] [a-EvictionTimer] c.n.e.registry.AbstractInstanceRegistry  : Running the evict task with compensationTime 1071512ms
2026-08-18T13:59:55.291+05:30  INFO 19544 --- [fixmate-eureka-server] [a-EvictionTimer] c.n.e.registry.AbstractInstanceRegistry  : Running the evict task with compensationTime 38ms
2026-08-18T14:00:55.124+05:30  INFO 19544 --- [fixmate-eureka-server] [hresholdUpdater] c.n.e.r.PeerAwareInstanceRegistryImpl    : Current renewal threshold is : 5
2026-08-18T14:00:55.276+05:30  INFO 19544 --- [fixmate-eureka-server] [a-EvictionTimer] c.n.e.registry.AbstractInstanceRegistry  : Running the evict task with compensationTime 0ms
2026-08-18T14:01:55.278+05:30  INFO 19544 --- [fixmate-eureka-server] [a-EvictionTimer] c.n.e.registry.AbstractInstanceRegistry  : Running the evict task with compensationTime 2ms
2026-08-18T14:02:55.278+05:30  INFO 19544 --- [fixmate-eureka-server] [a-EvictionTimer] c.n.e.registry.AbstractInstanceRegistry  : Running the evict task with compensationTime 0ms
2026-08-18T14:03:55.279+05:30  INFO 19544 --- [fixmate-eureka-server] [a-EvictionTimer] c.n.e.registry.AbstractInstanceRegistry  : Running the evict task with compensationTime 0ms
2026-08-18T14:04:55.279+05:30  INFO 19544 --- [fixmate-eureka-server] [a-EvictionTimer] c.n.e.registry.AbstractInstanceRegistry  : Running the evict task with compensationTime 0ms
2026-08-18T14:05:55.288+05:30  INFO 19544 --- [fixmate-eureka-server] [a-EvictionTimer] c.n.e.registry.AbstractInstanceRegistry  : Running the evict task with compensationTime 8ms
2026-08-18T14:06:55.296+05:30  INFO 19544 --- [fixmate-eureka-server] [a-EvictionTimer] c.n.e.registry.AbstractInstanceRegistry  : Running the evict task with compensationTime 8ms
2026-08-18T14:07:55.296+05:30  INFO 19544 --- [fixmate-eureka-server] [a-EvictionTimer] c.n.e.registry.AbstractInstanceRegistry  : Running the evict task with compensationTime 0ms
2026-08-18T14:08:55.307+05:30  INFO 19544 --- [fixmate-eureka-server] [a-EvictionTimer] c.n.e.registry.AbstractInstanceRegistry  : Running the evict task with compensationTime 10ms
2026-08-18T14:09:55.323+05:30  INFO 19544 --- [fixmate-eureka-server] [a-EvictionTimer] c.n.e.registry.AbstractInstanceRegistry  : Running the evict task with compensationTime 15ms
2026-08-18T14:10:55.328+05:30  INFO 19544 --- [fixmate-eureka-server] [a-EvictionTimer] c.n.e.registry.AbstractInstanceRegistry  : Running the evict task with compensationTime 5ms
2026-08-18T14:11:55.335+05:30  INFO 19544 --- [fixmate-eureka-server] [a-EvictionTimer] c.n.e.registry.AbstractInstanceRegistry  : Running the evict task with compensationTime 7ms
2026-08-18T14:12:55.350+05:30  INFO 19544 --- [fixmate-eureka-server] [a-EvictionTimer] c.n.e.registry.AbstractInstanceRegistry  : Running the evict task with compensationTime 14ms
2026-08-18T14:13:55.352+05:30  INFO 19544 --- [fixmate-eureka-server] [a-EvictionTimer] c.n.e.registry.AbstractInstanceRegistry  : Running the evict task with compensationTime 2ms
2026-08-18T14:14:55.354+05:30  INFO 19544 --- [fixmate-eureka-server] [a-EvictionTimer] c.n.e.registry.AbstractInstanceRegistry  : Running the evict task with compensationTime 1ms
2026-08-18T14:15:55.125+05:30  INFO 19544 --- [fixmate-eureka-server] [hresholdUpdater] c.n.e.r.PeerAwareInstanceRegistryImpl    : Current renewal threshold is : 5
2026-08-18T14:15:55.356+05:30  INFO 19544 --- [fixmate-eureka-server] [a-EvictionTimer] c.n.e.registry.AbstractInstanceRegistry  : Running the evict task with compensationTime 1ms
2026-08-18T14:16:55.361+05:30  INFO 19544 --- [fixmate-eureka-server] [a-EvictionTimer] c.n.e.registry.AbstractInstanceRegistry  : Running the evict task with compensationTime 5ms
2026-08-18T16:52:54.250+05:30  INFO 19544 --- [fixmate-eureka-server] [a-EvictionTimer] c.n.e.registry.AbstractInstanceRegistry  : Running the evict task with compensationTime 9298889ms
2026-08-18T16:53:54.257+05:30  INFO 19544 --- [fixmate-eureka-server] [a-EvictionTimer] c.n.e.registry.AbstractInstanceRegistry  : Running the evict task with compensationTime 6ms
2026-08-18T16:54:54.261+05:30  INFO 19544 --- [fixmate-eureka-server] [a-EvictionTimer] c.n.e.registry.AbstractInstanceRegistry  : Running the evict task with compensationTime 4ms
2026-08-18T16:55:54.271+05:30  INFO 19544 --- [fixmate-eureka-server] [a-EvictionTimer] c.n.e.registry.AbstractInstanceRegistry  : Running the evict task with compensationTime 9ms
2026-08-18T16:56:54.278+05:30  INFO 19544 --- [fixmate-eureka-server] [a-EvictionTimer] c.n.e.registry.AbstractInstanceRegistry  : Running the evict task with compensationTime 7ms
2026-08-18T16:57:54.284+05:30  INFO 19544 --- [fixmate-eureka-server] [a-EvictionTimer] c.n.e.registry.AbstractInstanceRegistry  : Running the evict task with compensationTime 6ms
2026-08-18T16:58:54.320+05:30  INFO 19544 --- [fixmate-eureka-server] [a-EvictionTimer] c.n.e.registry.AbstractInstanceRegistry  : Running the evict task with compensationTime 14ms
2026-08-18T16:59:54.305+05:30  INFO 19544 --- [fixmate-eureka-server] [a-EvictionTimer] c.n.e.registry.AbstractInstanceRegistry  : Running the evict task with compensationTime 6ms
2026-08-18T17:00:54.310+05:30  INFO 19544 --- [fixmate-eureka-server] [a-EvictionTimer] c.n.e.registry.AbstractInstanceRegistry  : Running the evict task with compensationTime 4ms
2026-08-18T17:01:54.317+05:30  INFO 19544 --- [fixmate-eureka-server] [a-EvictionTimer] c.n.e.registry.AbstractInstanceRegistry  : Running the evict task with compensationTime 7ms
2026-08-18T17:02:54.321+05:30  INFO 19544 --- [fixmate-eureka-server] [a-EvictionTimer] c.n.e.registry.AbstractInstanceRegistry  : Running the evict task with compensationTime 4ms
2026-08-18T17:03:54.324+05:30  INFO 19544 --- [fixmate-eureka-server] [a-EvictionTimer] c.n.e.registry.AbstractInstanceRegistry  : Running the evict task with compensationTime 2ms
2026-08-18T17:04:54.339+05:30  INFO 19544 --- [fixmate-eureka-server] [a-EvictionTimer] c.n.e.registry.AbstractInstanceRegistry  : Running the evict task with compensationTime 15ms
2026-08-18T17:05:54.015+05:30  INFO 19544 --- [fixmate-eureka-server] [hresholdUpdater] c.n.e.r.PeerAwareInstanceRegistryImpl    : Current renewal threshold is : 5
2026-08-18T17:05:54.346+05:30  INFO 19544 --- [fixmate-eureka-server] [a-EvictionTimer] c.n.e.registry.AbstractInstanceRegistry  : Running the evict task with compensationTime 7ms
2026-08-18T17:06:54.358+05:30  INFO 19544 --- [fixmate-eureka-server] [a-EvictionTimer] c.n.e.registry.AbstractInstanceRegistry  : Running the evict task with compensationTime 12ms
2026-08-18T17:07:54.366+05:30  INFO 19544 --- [fixmate-eureka-server] [a-EvictionTimer] c.n.e.registry.AbstractInstanceRegistry  : Running the evict task with compensationTime 8ms
2026-08-18T17:08:54.382+05:30  INFO 19544 --- [fixmate-eureka-server] [a-EvictionTimer] c.n.e.registry.AbstractInstanceRegistry  : Running the evict task with compensationTime 14ms
2026-08-18T17:09:54.391+05:30  INFO 19544 --- [fixmate-eureka-server] [a-EvictionTimer] c.n.e.registry.AbstractInstanceRegistry  : Running the evict task with compensationTime 9ms
2026-08-18T17:10:54.400+05:30  INFO 19544 --- [fixmate-eureka-server] [a-EvictionTimer] c.n.e.registry.AbstractInstanceRegistry  : Running the evict task with compensationTime 9ms
2026-08-18T17:11:54.411+05:30  INFO 19544 --- [fixmate-eureka-server] [a-EvictionTimer] c.n.e.registry.AbstractInstanceRegistry  : Running the evict task with compensationTime 10ms
2026-08-18T17:12:57.108+05:30  INFO 19544 --- [fixmate-eureka-server] [a-EvictionTimer] c.n.e.registry.AbstractInstanceRegistry  : Running the evict task with compensationTime 2696ms
2026-08-18T17:13:57.113+05:30  INFO 19544 --- [fixmate-eureka-server] [a-EvictionTimer] c.n.e.registry.AbstractInstanceRegistry  : Running the evict task with compensationTime 4ms
2026-08-18T17:14:57.120+05:30  INFO 19544 --- [fixmate-eureka-server] [a-EvictionTimer] c.n.e.registry.AbstractInstanceRegistry  : Running the evict task with compensationTime 7ms
2026-08-18T17:15:57.122+05:30  INFO 19544 --- [fixmate-eureka-server] [a-EvictionTimer] c.n.e.registry.AbstractInstanceRegistry  : Running the evict task with compensationTime 2ms
2026-08-18T17:16:57.134+05:30  INFO 19544 --- [fixmate-eureka-server] [a-EvictionTimer] c.n.e.registry.AbstractInstanceRegistry  : Running the evict task with compensationTime 11ms
2026-08-18T17:17:57.137+05:30  INFO 19544 --- [fixmate-eureka-server] [a-EvictionTimer] c.n.e.registry.AbstractInstanceRegistry  : Running the evict task with compensationTime 3ms
2026-08-18T17:18:57.149+05:30  INFO 19544 --- [fixmate-eureka-server] [a-EvictionTimer] c.n.e.registry.AbstractInstanceRegistry  : Running the evict task with compensationTime 13ms
2026-08-18T17:19:57.164+05:30  INFO 19544 --- [fixmate-eureka-server] [a-EvictionTimer] c.n.e.registry.AbstractInstanceRegistry  : Running the evict task with compensationTime 13ms
2026-08-18T17:20:56.722+05:30  INFO 19544 --- [fixmate-eureka-server] [hresholdUpdater] c.n.e.r.PeerAwareInstanceRegistryImpl    : Current renewal threshold is : 5
2026-08-18T17:20:57.176+05:30  INFO 19544 --- [fixmate-eureka-server] [a-EvictionTimer] c.n.e.registry.AbstractInstanceRegistry  : Running the evict task with compensationTime 12ms
2026-08-18T17:21:57.185+05:30  INFO 19544 --- [fixmate-eureka-server] [a-EvictionTimer] c.n.e.registry.AbstractInstanceRegistry  : Running the evict task with compensationTime 8ms
2026-08-18T17:22:57.188+05:30  INFO 19544 --- [fixmate-eureka-server] [a-EvictionTimer] c.n.e.registry.AbstractInstanceRegistry  : Running the evict task with compensationTime 3ms
2026-08-18T17:23:57.203+05:30  INFO 19544 --- [fixmate-eureka-server] [a-EvictionTimer] c.n.e.registry.AbstractInstanceRegistry  : Running the evict task with compensationTime 14ms
2026-08-18T17:24:57.212+05:30  INFO 19544 --- [fixmate-eureka-server] [a-EvictionTimer] c.n.e.registry.AbstractInstanceRegistry  : Running the evict task with compensationTime 8ms
2026-08-18T17:25:57.217+05:30  INFO 19544 --- [fixmate-eureka-server] [a-EvictionTimer] c.n.e.registry.AbstractInstanceRegistry  : Running the evict task with compensationTime 5ms
2026-08-18T17:26:57.221+05:30  INFO 19544 --- [fixmate-eureka-server] [a-EvictionTimer] c.n.e.registry.AbstractInstanceRegistry  : Running the evict task with compensationTime 3ms
2026-08-18T17:27:57.231+05:30  INFO 19544 --- [fixmate-eureka-server] [a-EvictionTimer] c.n.e.registry.AbstractInstanceRegistry  : Running the evict task with compensationTime 10ms
2026-08-18T17:28:57.233+05:30  INFO 19544 --- [fixmate-eureka-server] [a-EvictionTimer] c.n.e.registry.AbstractInstanceRegistry  : Running the evict task with compensationTime 2ms
2026-08-18T17:29:57.236+05:30  INFO 19544 --- [fixmate-eureka-server] [a-EvictionTimer] c.n.e.registry.AbstractInstanceRegistry  : Running the evict task with compensationTime 2ms
2026-08-18T17:30:57.236+05:30  INFO 19544 --- [fixmate-eureka-server] [a-EvictionTimer] c.n.e.registry.AbstractInstanceRegistry  : Running the evict task with compensationTime 0ms
2026-08-18T17:31:57.247+05:30  INFO 19544 --- [fixmate-eureka-server] [a-EvictionTimer] c.n.e.registry.AbstractInstanceRegistry  : Running the evict task with compensationTime 11ms
2026-08-18T17:32:57.250+05:30  INFO 19544 --- [fixmate-eureka-server] [a-EvictionTimer] c.n.e.registry.AbstractInstanceRegistry  : Running the evict task with compensationTime 3ms
2026-08-18T17:33:57.259+05:30  INFO 19544 --- [fixmate-eureka-server] [a-EvictionTimer] c.n.e.registry.AbstractInstanceRegistry  : Running the evict task with compensationTime 8ms
2026-08-18T17:34:57.272+05:30  INFO 19544 --- [fixmate-eureka-server] [a-EvictionTimer] c.n.e.registry.AbstractInstanceRegistry  : Running the evict task with compensationTime 12ms
2026-08-18T17:35:56.731+05:30  INFO 19544 --- [fixmate-eureka-server] [hresholdUpdater] c.n.e.r.PeerAwareInstanceRegistryImpl    : Current renewal threshold is : 5
2026-08-18T17:35:57.281+05:30  INFO 19544 --- [fixmate-eureka-server] [a-EvictionTimer] c.n.e.registry.AbstractInstanceRegistry  : Running the evict task with compensationTime 9ms
2026-08-18T17:36:57.294+05:30  INFO 19544 --- [fixmate-eureka-server] [a-EvictionTimer] c.n.e.registry.AbstractInstanceRegistry  : Running the evict task with compensationTime 13ms
2026-08-18T17:37:57.301+05:30  INFO 19544 --- [fixmate-eureka-server] [a-EvictionTimer] c.n.e.registry.AbstractInstanceRegistry  : Running the evict task with compensationTime 7ms
2026-08-18T17:38:57.303+05:30  INFO 19544 --- [fixmate-eureka-server] [a-EvictionTimer] c.n.e.registry.AbstractInstanceRegistry  : Running the evict task with compensationTime 1ms
2026-08-18T17:40:01.669+05:30  INFO 19544 --- [fixmate-eureka-server] [a-EvictionTimer] c.n.e.registry.AbstractInstanceRegistry  : Running the evict task with compensationTime 4365ms
2026-08-18T17:41:01.678+05:30  INFO 19544 --- [fixmate-eureka-server] [a-EvictionTimer] c.n.e.registry.AbstractInstanceRegistry  : Running the evict task with compensationTime 9ms
2026-08-18T17:42:01.681+05:30  INFO 19544 --- [fixmate-eureka-server] [a-EvictionTimer] c.n.e.registry.AbstractInstanceRegistry  : Running the evict task with compensationTime 3ms
2026-08-18T17:43:01.688+05:30  INFO 19544 --- [fixmate-eureka-server] [a-EvictionTimer] c.n.e.registry.AbstractInstanceRegistry  : Running the evict task with compensationTime 6ms
2026-08-18T17:44:01.692+05:30  INFO 19544 --- [fixmate-eureka-server] [a-EvictionTimer] c.n.e.registry.AbstractInstanceRegistry  : Running the evict task with compensationTime 4ms
2026-08-18T17:45:01.692+05:30  INFO 19544 --- [fixmate-eureka-server] [a-EvictionTimer] c.n.e.registry.AbstractInstanceRegistry  : Running the evict task with compensationTime 0ms
2026-08-18T17:46:01.692+05:30  INFO 19544 --- [fixmate-eureka-server] [a-EvictionTimer] c.n.e.registry.AbstractInstanceRegistry  : Running the evict task with compensationTime 0ms
2026-08-18T17:47:01.693+05:30  INFO 19544 --- [fixmate-eureka-server] [a-EvictionTimer] c.n.e.registry.AbstractInstanceRegistry  : Running the evict task with compensationTime 1ms
2026-08-18T17:48:01.707+05:30  INFO 19544 --- [fixmate-eureka-server] [a-EvictionTimer] c.n.e.registry.AbstractInstanceRegistry  : Running the evict task with compensationTime 13ms
2026-08-18T17:49:01.710+05:30  INFO 19544 --- [fixmate-eureka-server] [a-EvictionTimer] c.n.e.registry.AbstractInstanceRegistry  : Running the evict task with compensationTime 2ms
2026-08-18T17:59:40.394+05:30  INFO 19544 --- [fixmate-eureka-server] [a-EvictionTimer] c.n.e.registry.AbstractInstanceRegistry  : Running the evict task with compensationTime 578684ms
2026-08-18T18:00:39.781+05:30  INFO 19544 --- [fixmate-eureka-server] [hresholdUpdater] c.n.e.r.PeerAwareInstanceRegistryImpl    : Current renewal threshold is : 5
2026-08-18T18:00:40.414+05:30  INFO 19544 --- [fixmate-eureka-server] [a-EvictionTimer] c.n.e.registry.AbstractInstanceRegistry  : Running the evict task with compensationTime 20ms
2026-08-18T18:01:40.419+05:30  INFO 19544 --- [fixmate-eureka-server] [a-EvictionTimer] c.n.e.registry.AbstractInstanceRegistry  : Running the evict task with compensationTime 4ms
2026-08-18T18:02:40.432+05:30  INFO 19544 --- [fixmate-eureka-server] [a-EvictionTimer] c.n.e.registry.AbstractInstanceRegistry  : Running the evict task with compensationTime 13ms
