[INFO] Scanning for projects...
[INFO] 
[INFO] ------------------< com.fixmate:fixmate-api-gateway >-------------------
[INFO] Building fixmate-api-gateway 0.0.1-SNAPSHOT
[INFO]   from pom.xml
[INFO] --------------------------------[ jar ]---------------------------------
[INFO] 
[INFO] >>> spring-boot:3.2.3:run (default-cli) > test-compile @ fixmate-api-gateway >>>
[INFO] 
[INFO] --- resources:3.3.1:resources (default-resources) @ fixmate-api-gateway ---
[INFO] Copying 1 resource from src\main\resources to target\classes
[INFO] Copying 0 resource from src\main\resources to target\classes
[INFO] 
[INFO] --- compiler:3.11.0:compile (default-compile) @ fixmate-api-gateway ---
[INFO] Changes detected - recompiling the module! :input tree
[INFO] Compiling 1 source file with javac [debug release 17] to target\classes
[INFO] 
[INFO] --- resources:3.3.1:testResources (default-testResources) @ fixmate-api-gateway ---
[INFO] skip non existing resourceDirectory D:\Projects\fixmate-api-gateway\src\test\resources
[INFO] 
[INFO] --- compiler:3.11.0:testCompile (default-testCompile) @ fixmate-api-gateway ---
[INFO] No sources to compile
[INFO] 
[INFO] <<< spring-boot:3.2.3:run (default-cli) < test-compile @ fixmate-api-gateway <<<
[INFO] 
[INFO] 
[INFO] --- spring-boot:3.2.3:run (default-cli) @ fixmate-api-gateway ---
[INFO] Attaching agents: []

  .   ____          _            __ _ _
 /\\ / ___'_ __ _ _(_)_ __  __ _ \ \ \ \
( ( )\___ | '_ | '_| | '_ \/ _` | \ \ \ \
 \\/  ___)| |_)| | | | | || (_| |  ) ) ) )
  '  |____| .__|_| |_|_| |_\__, | / / / /
 =========|_|==============|___/=/_/_/_/
 :: Spring Boot ::                (v3.2.3)

2026-08-18T13:03:18.238+05:30  INFO 5924 --- [fixmate-api-gateway] [           main] c.fixmate.gateway.ApiGatewayApplication  : Starting ApiGatewayApplication using Java 23.0.1 with PID 5924 (D:\Projects\fixmate-api-gateway\target\classes started by HP in D:\Projects\fixmate-api-gateway)
2026-08-18T13:03:18.241+05:30  INFO 5924 --- [fixmate-api-gateway] [           main] c.fixmate.gateway.ApiGatewayApplication  : No active profile set, falling back to 1 default profile: "default"
2026-08-18T13:03:19.640+05:30  INFO 5924 --- [fixmate-api-gateway] [           main] o.s.cloud.context.scope.GenericScope     : BeanFactory id=3403d4bb-b07a-3d49-a90e-5760d80f8677
2026-08-18T13:03:19.741+05:30  WARN 5924 --- [fixmate-api-gateway] [           main] trationDelegate$BeanPostProcessorChecker : Bean 'org.springframework.cloud.client.loadbalancer.LoadBalancerAutoConfiguration$LoadBalancerInterceptorConfig' of type [org.springframework.cloud.client.loadbalancer.LoadBalancerAutoConfiguration$LoadBalancerInterceptorConfig] is not eligible for getting processed by all BeanPostProcessors (for example: not eligible for auto-proxying). The currently created BeanPostProcessor [lbRestClientPostProcessor] is declared through a non-static factory method on that class; consider declaring it as static instead.
2026-08-18T13:03:19.745+05:30  WARN 5924 --- [fixmate-api-gateway] [           main] trationDelegate$BeanPostProcessorChecker : Bean 'org.springframework.cloud.loadbalancer.config.BlockingLoadBalancerClientAutoConfiguration' of type [org.springframework.cloud.loadbalancer.config.BlockingLoadBalancerClientAutoConfiguration] is not eligible for getting processed by all BeanPostProcessors (for example: not eligible for auto-proxying). Is this bean getting eagerly injected into a currently created BeanPostProcessor [lbRestClientPostProcessor]? Check the corresponding BeanPostProcessor declaration and its dependencies.
2026-08-18T13:03:19.747+05:30  WARN 5924 --- [fixmate-api-gateway] [           main] trationDelegate$BeanPostProcessorChecker : Bean 'org.springframework.cloud.loadbalancer.config.LoadBalancerAutoConfiguration' of type [org.springframework.cloud.loadbalancer.config.LoadBalancerAutoConfiguration] is not eligible for getting processed by all BeanPostProcessors (for example: not eligible for auto-proxying). Is this bean getting eagerly injected into a currently created BeanPostProcessor [lbRestClientPostProcessor]? Check the corresponding BeanPostProcessor declaration and its dependencies.
2026-08-18T13:03:19.757+05:30  WARN 5924 --- [fixmate-api-gateway] [           main] trationDelegate$BeanPostProcessorChecker : Bean 'org.springframework.cloud.commons.config.CommonsConfigAutoConfiguration' of type [org.springframework.cloud.commons.config.CommonsConfigAutoConfiguration] is not eligible for getting processed by all BeanPostProcessors (for example: not eligible for auto-proxying). Is this bean getting eagerly injected into a currently created BeanPostProcessor [lbRestClientPostProcessor]? Check the corresponding BeanPostProcessor declaration and its dependencies.
2026-08-18T13:03:19.759+05:30  WARN 5924 --- [fixmate-api-gateway] [           main] trationDelegate$BeanPostProcessorChecker : Bean 'org.springframework.cloud.client.loadbalancer.LoadBalancerDefaultMappingsProviderAutoConfiguration' of type [org.springframework.cloud.client.loadbalancer.LoadBalancerDefaultMappingsProviderAutoConfiguration] is not eligible for getting processed by all BeanPostProcessors (for example: not eligible for auto-proxying). Is this bean getting eagerly injected into a currently created BeanPostProcessor [lbRestClientPostProcessor]? Check the corresponding BeanPostProcessor declaration and its dependencies.
2026-08-18T13:03:19.760+05:30  WARN 5924 --- [fixmate-api-gateway] [           main] trationDelegate$BeanPostProcessorChecker : Bean 'loadBalancerClientsDefaultsMappingsProvider' of type [org.springframework.cloud.client.loadbalancer.LoadBalancerDefaultMappingsProviderAutoConfiguration$$Lambda/0x000001bfb1384250] is not eligible for getting processed by all BeanPostProcessors (for example: not eligible for auto-proxying). Is this bean getting eagerly injected into a currently created BeanPostProcessor [lbRestClientPostProcessor]? Check the corresponding BeanPostProcessor declaration and its dependencies.
2026-08-18T13:03:19.761+05:30  WARN 5924 --- [fixmate-api-gateway] [           main] trationDelegate$BeanPostProcessorChecker : Bean 'defaultsBindHandlerAdvisor' of type [org.springframework.cloud.commons.config.DefaultsBindHandlerAdvisor] is not eligible for getting processed by all BeanPostProcessors (for example: not eligible for auto-proxying). Is this bean getting eagerly injected into a currently created BeanPostProcessor [lbRestClientPostProcessor]? Check the corresponding BeanPostProcessor declaration and its dependencies.
2026-08-18T13:03:19.774+05:30  WARN 5924 --- [fixmate-api-gateway] [           main] trationDelegate$BeanPostProcessorChecker : Bean 'spring.cloud.loadbalancer-org.springframework.cloud.client.loadbalancer.LoadBalancerClientsProperties' of type [org.springframework.cloud.client.loadbalancer.LoadBalancerClientsProperties] is not eligible for getting processed by all BeanPostProcessors (for example: not eligible for auto-proxying). Is this bean getting eagerly injected into a currently created BeanPostProcessor [lbRestClientPostProcessor]? Check the corresponding BeanPostProcessor declaration and its dependencies.
2026-08-18T13:03:19.784+05:30  WARN 5924 --- [fixmate-api-gateway] [           main] trationDelegate$BeanPostProcessorChecker : Bean 'default.org.springframework.cloud.loadbalancer.config.LoadBalancerAutoConfiguration.LoadBalancerClientSpecification' of type [org.springframework.cloud.loadbalancer.annotation.LoadBalancerClientSpecification] is not eligible for getting processed by all BeanPostProcessors (for example: not eligible for auto-proxying). Is this bean getting eagerly injected into a currently created BeanPostProcessor [lbRestClientPostProcessor]? Check the corresponding BeanPostProcessor declaration and its dependencies.
2026-08-18T13:03:19.786+05:30  WARN 5924 --- [fixmate-api-gateway] [           main] trationDelegate$BeanPostProcessorChecker : Bean 'default.org.springframework.cloud.loadbalancer.config.BlockingLoadBalancerClientAutoConfiguration.LoadBalancerClientSpecification' of type [org.springframework.cloud.loadbalancer.annotation.LoadBalancerClientSpecification] is not eligible for getting processed by all BeanPostProcessors (for example: not eligible for auto-proxying). Is this bean getting eagerly injected into a currently created BeanPostProcessor [lbRestClientPostProcessor]? Check the corresponding BeanPostProcessor declaration and its dependencies.
2026-08-18T13:03:19.786+05:30  WARN 5924 --- [fixmate-api-gateway] [           main] trationDelegate$BeanPostProcessorChecker : Bean 'default.org.springframework.cloud.netflix.eureka.loadbalancer.LoadBalancerEurekaAutoConfiguration.LoadBalancerClientSpecification' of type [org.springframework.cloud.loadbalancer.annotation.LoadBalancerClientSpecification] is not eligible for getting processed by all BeanPostProcessors (for example: not eligible for auto-proxying). Is this bean getting eagerly injected into a currently created BeanPostProcessor [lbRestClientPostProcessor]? Check the corresponding BeanPostProcessor declaration and its dependencies.
2026-08-18T13:03:19.789+05:30  WARN 5924 --- [fixmate-api-gateway] [           main] trationDelegate$BeanPostProcessorChecker : Bean 'loadBalancerClientFactory' of type [org.springframework.cloud.loadbalancer.support.LoadBalancerClientFactory] is not eligible for getting processed by all BeanPostProcessors (for example: not eligible for auto-proxying). Is this bean getting eagerly injected into a currently created BeanPostProcessor [lbRestClientPostProcessor]? Check the corresponding BeanPostProcessor declaration and its dependencies.
2026-08-18T13:03:19.792+05:30  WARN 5924 --- [fixmate-api-gateway] [           main] trationDelegate$BeanPostProcessorChecker : Bean 'blockingLoadBalancerClient' of type [org.springframework.cloud.loadbalancer.blocking.client.BlockingLoadBalancerClient] is not eligible for getting processed by all BeanPostProcessors (for example: not eligible for auto-proxying). Is this bean getting eagerly injected into a currently created BeanPostProcessor [lbRestClientPostProcessor]? Check the corresponding BeanPostProcessor declaration and its dependencies.
2026-08-18T13:03:19.805+05:30  WARN 5924 --- [fixmate-api-gateway] [           main] trationDelegate$BeanPostProcessorChecker : Bean 'loadBalancerServiceInstanceCookieTransformer' of type [org.springframework.cloud.loadbalancer.core.LoadBalancerServiceInstanceCookieTransformer] is not eligible for getting processed by all BeanPostProcessors (for example: not eligible for auto-proxying). Is this bean getting eagerly injected into a currently created BeanPostProcessor [lbRestClientPostProcessor]? Check the corresponding BeanPostProcessor declaration and its dependencies.
2026-08-18T13:03:19.807+05:30  WARN 5924 --- [fixmate-api-gateway] [           main] trationDelegate$BeanPostProcessorChecker : Bean 'xForwarderHeadersTransformer' of type [org.springframework.cloud.loadbalancer.blocking.XForwardedHeadersTransformer] is not eligible for getting processed by all BeanPostProcessors (for example: not eligible for auto-proxying). Is this bean getting eagerly injected into a currently created BeanPostProcessor [lbRestClientPostProcessor]? Check the corresponding BeanPostProcessor declaration and its dependencies.
2026-08-18T13:03:19.808+05:30  WARN 5924 --- [fixmate-api-gateway] [           main] trationDelegate$BeanPostProcessorChecker : Bean 'org.springframework.cloud.client.loadbalancer.LoadBalancerAutoConfiguration' of type [org.springframework.cloud.client.loadbalancer.LoadBalancerAutoConfiguration] is not eligible for getting processed by all BeanPostProcessors (for example: not eligible for auto-proxying). Is this bean getting eagerly injected into a currently created BeanPostProcessor [lbRestClientPostProcessor]? Check the corresponding BeanPostProcessor declaration and its dependencies.
2026-08-18T13:03:19.810+05:30  WARN 5924 --- [fixmate-api-gateway] [           main] trationDelegate$BeanPostProcessorChecker : Bean 'loadBalancerRequestFactory' of type [org.springframework.cloud.client.loadbalancer.LoadBalancerRequestFactory] is not eligible for getting processed by all BeanPostProcessors (for example: not eligible for auto-proxying). Is this bean getting eagerly injected into a currently created BeanPostProcessor [lbRestClientPostProcessor]? Check the corresponding BeanPostProcessor declaration and its dependencies.
2026-08-18T13:03:19.813+05:30  WARN 5924 --- [fixmate-api-gateway] [           main] trationDelegate$BeanPostProcessorChecker : Bean 'loadBalancerInterceptor' of type [org.springframework.cloud.client.loadbalancer.LoadBalancerInterceptor] is not eligible for getting processed by all BeanPostProcessors (for example: not eligible for auto-proxying). Is this bean getting eagerly injected into a currently created BeanPostProcessor [lbRestClientPostProcessor]? Check the corresponding BeanPostProcessor declaration and its dependencies.
2026-08-18T13:03:19.817+05:30  WARN 5924 --- [fixmate-api-gateway] [           main] trationDelegate$BeanPostProcessorChecker : Bean 'org.springframework.cloud.client.loadbalancer.reactive.LoadBalancerBeanPostProcessorAutoConfiguration' of type [org.springframework.cloud.client.loadbalancer.reactive.LoadBalancerBeanPostProcessorAutoConfiguration] is not eligible for getting processed by all BeanPostProcessors (for example: not eligible for auto-proxying). The currently created BeanPostProcessor [loadBalancerWebClientBuilderBeanPostProcessor] is declared through a non-static factory method on that class; consider declaring it as static instead.
2026-08-18T13:03:19.819+05:30  WARN 5924 --- [fixmate-api-gateway] [           main] trationDelegate$BeanPostProcessorChecker : Bean 'org.springframework.cloud.client.loadbalancer.reactive.LoadBalancerBeanPostProcessorAutoConfiguration$ReactorDeferringLoadBalancerFilterConfig' of type [org.springframework.cloud.client.loadbalancer.reactive.LoadBalancerBeanPostProcessorAutoConfiguration$ReactorDeferringLoadBalancerFilterConfig] is not eligible for getting processed by all BeanPostProcessors (for example: not eligible for auto-proxying). Is this bean getting eagerly injected into a currently created BeanPostProcessor [loadBalancerWebClientBuilderBeanPostProcessor]? Check the corresponding BeanPostProcessor declaration and its dependencies.
2026-08-18T13:03:19.821+05:30  WARN 5924 --- [fixmate-api-gateway] [           main] trationDelegate$BeanPostProcessorChecker : Bean 'reactorDeferringLoadBalancerExchangeFilterFunction' of type [org.springframework.cloud.client.loadbalancer.reactive.DeferringLoadBalancerExchangeFilterFunction] is not eligible for getting processed by all BeanPostProcessors (for example: not eligible for auto-proxying). Is this bean getting eagerly injected into a currently created BeanPostProcessor [loadBalancerWebClientBuilderBeanPostProcessor]? Check the corresponding BeanPostProcessor declaration and its dependencies.
2026-08-18T13:03:20.940+05:30  INFO 5924 --- [fixmate-api-gateway] [           main] o.s.c.g.r.RouteDefinitionRouteLocator    : Loaded RoutePredicateFactory [After]
2026-08-18T13:03:20.941+05:30  INFO 5924 --- [fixmate-api-gateway] [           main] o.s.c.g.r.RouteDefinitionRouteLocator    : Loaded RoutePredicateFactory [Before]
2026-08-18T13:03:20.941+05:30  INFO 5924 --- [fixmate-api-gateway] [           main] o.s.c.g.r.RouteDefinitionRouteLocator    : Loaded RoutePredicateFactory [Between]
2026-08-18T13:03:20.941+05:30  INFO 5924 --- [fixmate-api-gateway] [           main] o.s.c.g.r.RouteDefinitionRouteLocator    : Loaded RoutePredicateFactory [Cookie]
2026-08-18T13:03:20.941+05:30  INFO 5924 --- [fixmate-api-gateway] [           main] o.s.c.g.r.RouteDefinitionRouteLocator    : Loaded RoutePredicateFactory [Header]
2026-08-18T13:03:20.941+05:30  INFO 5924 --- [fixmate-api-gateway] [           main] o.s.c.g.r.RouteDefinitionRouteLocator    : Loaded RoutePredicateFactory [Host]
2026-08-18T13:03:20.941+05:30  INFO 5924 --- [fixmate-api-gateway] [           main] o.s.c.g.r.RouteDefinitionRouteLocator    : Loaded RoutePredicateFactory [Method]
2026-08-18T13:03:20.942+05:30  INFO 5924 --- [fixmate-api-gateway] [           main] o.s.c.g.r.RouteDefinitionRouteLocator    : Loaded RoutePredicateFactory [Path]
2026-08-18T13:03:20.942+05:30  INFO 5924 --- [fixmate-api-gateway] [           main] o.s.c.g.r.RouteDefinitionRouteLocator    : Loaded RoutePredicateFactory [Query]
2026-08-18T13:03:20.942+05:30  INFO 5924 --- [fixmate-api-gateway] [           main] o.s.c.g.r.RouteDefinitionRouteLocator    : Loaded RoutePredicateFactory [ReadBody]
2026-08-18T13:03:20.942+05:30  INFO 5924 --- [fixmate-api-gateway] [           main] o.s.c.g.r.RouteDefinitionRouteLocator    : Loaded RoutePredicateFactory [RemoteAddr]
2026-08-18T13:03:20.943+05:30  INFO 5924 --- [fixmate-api-gateway] [           main] o.s.c.g.r.RouteDefinitionRouteLocator    : Loaded RoutePredicateFactory [XForwardedRemoteAddr]
2026-08-18T13:03:20.943+05:30  INFO 5924 --- [fixmate-api-gateway] [           main] o.s.c.g.r.RouteDefinitionRouteLocator    : Loaded RoutePredicateFactory [Weight]
2026-08-18T13:03:20.943+05:30  INFO 5924 --- [fixmate-api-gateway] [           main] o.s.c.g.r.RouteDefinitionRouteLocator    : Loaded RoutePredicateFactory [CloudFoundryRouteService]
2026-08-18T13:03:21.276+05:30  INFO 5924 --- [fixmate-api-gateway] [           main] DiscoveryClientOptionalArgsConfiguration : Eureka HTTP Client uses RestTemplate.
2026-08-18T13:03:21.336+05:30  WARN 5924 --- [fixmate-api-gateway] [           main] iguration$LoadBalancerCaffeineWarnLogger : Spring Cloud LoadBalancer is currently working with the default cache. While this cache implementation is useful for development and tests, it's recommended to use Caffeine cache in production.You can switch to using Caffeine cache, by adding it and org.springframework.cache.caffeine.CaffeineCacheManager to the classpath.
2026-08-18T13:03:21.393+05:30  INFO 5924 --- [fixmate-api-gateway] [           main] o.s.c.n.eureka.InstanceInfoFactory       : Setting initial instance status as: STARTING
2026-08-18T13:03:21.589+05:30  INFO 5924 --- [fixmate-api-gateway] [           main] com.netflix.discovery.DiscoveryClient    : Initializing Eureka in region us-east-1
2026-08-18T13:03:21.595+05:30  INFO 5924 --- [fixmate-api-gateway] [           main] c.n.d.s.r.aws.ConfigClusterResolver      : Resolving eureka endpoints via configuration
2026-08-18T13:03:21.624+05:30  INFO 5924 --- [fixmate-api-gateway] [           main] com.netflix.discovery.DiscoveryClient    : Disable delta property : false
2026-08-18T13:03:21.625+05:30  INFO 5924 --- [fixmate-api-gateway] [           main] com.netflix.discovery.DiscoveryClient    : Single vip registry refresh property : null
2026-08-18T13:03:21.625+05:30  INFO 5924 --- [fixmate-api-gateway] [           main] com.netflix.discovery.DiscoveryClient    : Force full registry fetch : false
2026-08-18T13:03:21.625+05:30  INFO 5924 --- [fixmate-api-gateway] [           main] com.netflix.discovery.DiscoveryClient    : Application is null : false
2026-08-18T13:03:21.625+05:30  INFO 5924 --- [fixmate-api-gateway] [           main] com.netflix.discovery.DiscoveryClient    : Registered Applications size is zero : true
2026-08-18T13:03:21.625+05:30  INFO 5924 --- [fixmate-api-gateway] [           main] com.netflix.discovery.DiscoveryClient    : Application version is -1: true
2026-08-18T13:03:21.625+05:30  INFO 5924 --- [fixmate-api-gateway] [           main] com.netflix.discovery.DiscoveryClient    : Getting all instance registry info from the eureka server
2026-08-18T13:03:22.536+05:30  INFO 5924 --- [fixmate-api-gateway] [           main] com.netflix.discovery.DiscoveryClient    : The response status is 200
2026-08-18T13:03:22.538+05:30  INFO 5924 --- [fixmate-api-gateway] [           main] com.netflix.discovery.DiscoveryClient    : Starting heartbeat executor: renew interval is: 30
2026-08-18T13:03:22.541+05:30  INFO 5924 --- [fixmate-api-gateway] [           main] c.n.discovery.InstanceInfoReplicator     : InstanceInfoReplicator onDemand update allowed rate per min is 4
2026-08-18T13:03:22.554+05:30  INFO 5924 --- [fixmate-api-gateway] [           main] com.netflix.discovery.DiscoveryClient    : Discovery Client initialized at timestamp 1787038402552 with initial instances count: 0
2026-08-18T13:03:22.556+05:30  INFO 5924 --- [fixmate-api-gateway] [           main] o.s.c.n.e.s.EurekaServiceRegistry        : Registering application FIXMATE-API-GATEWAY with eureka with status UP
2026-08-18T13:03:22.558+05:30  INFO 5924 --- [fixmate-api-gateway] [           main] com.netflix.discovery.DiscoveryClient    : Saw local status change event StatusChangeEvent [timestamp=1787038402558, current=UP, previous=STARTING]
2026-08-18T13:03:22.561+05:30  INFO 5924 --- [fixmate-api-gateway] [nfoReplicator-0] com.netflix.discovery.DiscoveryClient    : DiscoveryClient_FIXMATE-API-GATEWAY/Elitebook-840G7.mshome.net:fixmate-api-gateway:8080: registering service...
2026-08-18T13:03:22.821+05:30  INFO 5924 --- [fixmate-api-gateway] [nfoReplicator-0] com.netflix.discovery.DiscoveryClient    : DiscoveryClient_FIXMATE-API-GATEWAY/Elitebook-840G7.mshome.net:fixmate-api-gateway:8080 - registration status: 204
2026-08-18T13:03:22.919+05:30  INFO 5924 --- [fixmate-api-gateway] [           main] o.s.b.web.embedded.netty.NettyWebServer  : Netty started on port 8080
2026-08-18T13:03:22.920+05:30  INFO 5924 --- [fixmate-api-gateway] [           main] .s.c.n.e.s.EurekaAutoServiceRegistration : Updating port to 8080
2026-08-18T13:03:22.952+05:30  INFO 5924 --- [fixmate-api-gateway] [           main] c.fixmate.gateway.ApiGatewayApplication  : Started ApiGatewayApplication in 5.428 seconds (process running for 6.219)
2026-08-18T13:03:31.638+05:30  WARN 5924 --- [fixmate-api-gateway] [ctor-http-nio-2] o.s.c.l.core.RoundRobinLoadBalancer      : No servers available for service: FIXMATE-BACKEND
2026-08-18T13:03:40.445+05:30  WARN 5924 --- [fixmate-api-gateway] [ctor-http-nio-3] o.s.c.l.core.RoundRobinLoadBalancer      : No servers available for service: FIXMATE-BACKEND
2026-08-18T13:03:45.543+05:30  WARN 5924 --- [fixmate-api-gateway] [ctor-http-nio-4] o.s.c.l.core.RoundRobinLoadBalancer      : No servers available for service: FIXMATE-BACKEND
2026-08-18T13:03:50.641+05:30  WARN 5924 --- [fixmate-api-gateway] [ctor-http-nio-5] o.s.c.l.core.RoundRobinLoadBalancer      : No servers available for service: FIXMATE-BACKEND
2026-08-18T13:03:52.543+05:30  INFO 5924 --- [fixmate-api-gateway] [freshExecutor-0] com.netflix.discovery.DiscoveryClient    : Disable delta property : false
2026-08-18T13:03:52.544+05:30  INFO 5924 --- [fixmate-api-gateway] [freshExecutor-0] com.netflix.discovery.DiscoveryClient    : Single vip registry refresh property : null
2026-08-18T13:03:52.544+05:30  INFO 5924 --- [fixmate-api-gateway] [freshExecutor-0] com.netflix.discovery.DiscoveryClient    : Force full registry fetch : false
2026-08-18T13:03:52.544+05:30  INFO 5924 --- [fixmate-api-gateway] [freshExecutor-0] com.netflix.discovery.DiscoveryClient    : Application is null : false
2026-08-18T13:03:52.544+05:30  INFO 5924 --- [fixmate-api-gateway] [freshExecutor-0] com.netflix.discovery.DiscoveryClient    : Registered Applications size is zero : true
2026-08-18T13:03:52.544+05:30  INFO 5924 --- [fixmate-api-gateway] [freshExecutor-0] com.netflix.discovery.DiscoveryClient    : Application version is -1: false
2026-08-18T13:03:52.545+05:30  INFO 5924 --- [fixmate-api-gateway] [freshExecutor-0] com.netflix.discovery.DiscoveryClient    : Getting all instance registry info from the eureka server
2026-08-18T13:03:52.577+05:30  INFO 5924 --- [fixmate-api-gateway] [freshExecutor-0] com.netflix.discovery.DiscoveryClient    : The response status is 200
2026-08-18T13:08:21.650+05:30  INFO 5924 --- [fixmate-api-gateway] [trap-executor-0] c.n.d.s.r.aws.ConfigClusterResolver      : Resolving eureka endpoints via configuration
2026-08-18T13:20:48.413+05:30  INFO 5924 --- [fixmate-api-gateway] [trap-executor-0] c.n.d.s.r.aws.ConfigClusterResolver      : Resolving eureka endpoints via configuration
2026-08-18T13:25:48.439+05:30  INFO 5924 --- [fixmate-api-gateway] [trap-executor-0] c.n.d.s.r.aws.ConfigClusterResolver      : Resolving eureka endpoints via configuration
2026-08-18T13:30:48.442+05:30  INFO 5924 --- [fixmate-api-gateway] [trap-executor-0] c.n.d.s.r.aws.ConfigClusterResolver      : Resolving eureka endpoints via configuration
2026-08-18T13:38:55.112+05:30  INFO 5924 --- [fixmate-api-gateway] [trap-executor-0] c.n.d.s.r.aws.ConfigClusterResolver      : Resolving eureka endpoints via configuration
2026-08-18T14:01:46.636+05:30  INFO 5924 --- [fixmate-api-gateway] [trap-executor-0] c.n.d.s.r.aws.ConfigClusterResolver      : Resolving eureka endpoints via configuration
2026-08-18T14:06:46.677+05:30  INFO 5924 --- [fixmate-api-gateway] [trap-executor-0] c.n.d.s.r.aws.ConfigClusterResolver      : Resolving eureka endpoints via configuration
2026-08-18T14:11:46.685+05:30  INFO 5924 --- [fixmate-api-gateway] [trap-executor-0] c.n.d.s.r.aws.ConfigClusterResolver      : Resolving eureka endpoints via configuration
2026-08-18T14:16:46.689+05:30  INFO 5924 --- [fixmate-api-gateway] [trap-executor-0] c.n.d.s.r.aws.ConfigClusterResolver      : Resolving eureka endpoints via configuration
2026-08-18T16:56:45.613+05:30  INFO 5924 --- [fixmate-api-gateway] [trap-executor-0] c.n.d.s.r.aws.ConfigClusterResolver      : Resolving eureka endpoints via configuration
2026-08-18T17:01:45.660+05:30  INFO 5924 --- [fixmate-api-gateway] [trap-executor-0] c.n.d.s.r.aws.ConfigClusterResolver      : Resolving eureka endpoints via configuration
2026-08-18T17:06:45.712+05:30  INFO 5924 --- [fixmate-api-gateway] [trap-executor-0] c.n.d.s.r.aws.ConfigClusterResolver      : Resolving eureka endpoints via configuration
2026-08-18T17:11:45.761+05:30  INFO 5924 --- [fixmate-api-gateway] [trap-executor-0] c.n.d.s.r.aws.ConfigClusterResolver      : Resolving eureka endpoints via configuration
2026-08-18T17:16:48.501+05:30  INFO 5924 --- [fixmate-api-gateway] [trap-executor-0] c.n.d.s.r.aws.ConfigClusterResolver      : Resolving eureka endpoints via configuration
2026-08-18T17:21:48.546+05:30  INFO 5924 --- [fixmate-api-gateway] [trap-executor-0] c.n.d.s.r.aws.ConfigClusterResolver      : Resolving eureka endpoints via configuration
2026-08-18T17:26:48.585+05:30  INFO 5924 --- [fixmate-api-gateway] [trap-executor-0] c.n.d.s.r.aws.ConfigClusterResolver      : Resolving eureka endpoints via configuration
2026-08-18T17:31:48.634+05:30  INFO 5924 --- [fixmate-api-gateway] [trap-executor-0] c.n.d.s.r.aws.ConfigClusterResolver      : Resolving eureka endpoints via configuration
2026-08-18T17:36:48.649+05:30  INFO 5924 --- [fixmate-api-gateway] [trap-executor-0] c.n.d.s.r.aws.ConfigClusterResolver      : Resolving eureka endpoints via configuration
2026-08-18T17:41:53.045+05:30  INFO 5924 --- [fixmate-api-gateway] [trap-executor-0] c.n.d.s.r.aws.ConfigClusterResolver      : Resolving eureka endpoints via configuration
2026-08-18T17:46:53.096+05:30  INFO 5924 --- [fixmate-api-gateway] [trap-executor-0] c.n.d.s.r.aws.ConfigClusterResolver      : Resolving eureka endpoints via configuration
2026-08-18T18:01:31.816+05:30  INFO 5924 --- [fixmate-api-gateway] [trap-executor-0] c.n.d.s.r.aws.ConfigClusterResolver      : Resolving eureka endpoints via configuration
